Component: ARM Compiler 5.06 update 7 (build 960) Tool: armlink [4d3601]

==============================================================================

Section Cross References

    startup_stm32f407xx.o(STACK) refers (Special) to heapauxi.o(.text) for __use_two_region_memory
    startup_stm32f407xx.o(HEAP) refers (Special) to heapauxi.o(.text) for __use_two_region_memory
    startup_stm32f407xx.o(RESET) refers (Special) to heapauxi.o(.text) for __use_two_region_memory
    startup_stm32f407xx.o(RESET) refers to startup_stm32f407xx.o(STACK) for __initial_sp
    startup_stm32f407xx.o(RESET) refers to startup_stm32f407xx.o(.text) for Reset_Handler
    startup_stm32f407xx.o(RESET) refers to stm32f4xx_it.o(i.NMI_Handler) for NMI_Handler
    startup_stm32f407xx.o(RESET) refers to stm32f4xx_it.o(i.HardFault_Handler) for HardFault_Handler
    startup_stm32f407xx.o(RESET) refers to stm32f4xx_it.o(i.MemManage_Handler) for MemManage_Handler
    startup_stm32f407xx.o(RESET) refers to stm32f4xx_it.o(i.BusFault_Handler) for BusFault_Handler
    startup_stm32f407xx.o(RESET) refers to stm32f4xx_it.o(i.UsageFault_Handler) for UsageFault_Handler
    startup_stm32f407xx.o(RESET) refers to port.o(.emb_text) for SVC_Handler
    startup_stm32f407xx.o(RESET) refers to stm32f4xx_it.o(i.DebugMon_Handler) for DebugMon_Handler
    startup_stm32f407xx.o(RESET) refers to stm32f4xx_it.o(i.SysTick_Handler) for SysTick_Handler
    startup_stm32f407xx.o(RESET) refers to stm32f4xx_it.o(i.EXTI0_IRQHandler) for EXTI0_IRQHandler
    startup_stm32f407xx.o(RESET) refers to stm32f4xx_it.o(i.EXTI3_IRQHandler) for EXTI3_IRQHandler
    startup_stm32f407xx.o(RESET) refers to stm32f4xx_it.o(i.EXTI4_IRQHandler) for EXTI4_IRQHandler
    startup_stm32f407xx.o(RESET) refers to stm32f4xx_it.o(i.CAN1_TX_IRQHandler) for CAN1_TX_IRQHandler
    startup_stm32f407xx.o(RESET) refers to stm32f4xx_it.o(i.CAN1_RX0_IRQHandler) for CAN1_RX0_IRQHandler
    startup_stm32f407xx.o(RESET) refers to stm32f4xx_it.o(i.EXTI9_5_IRQHandler) for EXTI9_5_IRQHandler
    startup_stm32f407xx.o(RESET) refers to remote_control.o(i.USART3_IRQHandler) for USART3_IRQHandler
    startup_stm32f407xx.o(RESET) refers to bsp_i2c.o(i.DMA1_Stream7_IRQHandler) for DMA1_Stream7_IRQHandler
    startup_stm32f407xx.o(RESET) refers to stm32f4xx_it.o(i.DMA2_Stream1_IRQHandler) for DMA2_Stream1_IRQHandler
    startup_stm32f407xx.o(RESET) refers to ins_task.o(i.DMA2_Stream2_IRQHandler) for DMA2_Stream2_IRQHandler
    startup_stm32f407xx.o(RESET) refers to stm32f4xx_it.o(i.CAN2_RX0_IRQHandler) for CAN2_RX0_IRQHandler
    startup_stm32f407xx.o(RESET) refers to stm32f4xx_it.o(i.OTG_FS_IRQHandler) for OTG_FS_IRQHandler
    startup_stm32f407xx.o(RESET) refers to stm32f4xx_it.o(i.DMA2_Stream6_IRQHandler) for DMA2_Stream6_IRQHandler
    startup_stm32f407xx.o(RESET) refers to stm32f4xx_it.o(i.DMA2_Stream7_IRQHandler) for DMA2_Stream7_IRQHandler
    startup_stm32f407xx.o(RESET) refers to referee_usart_task.o(i.USART6_IRQHandler) for USART6_IRQHandler
    startup_stm32f407xx.o(.text) refers (Special) to heapauxi.o(.text) for __use_two_region_memory
    startup_stm32f407xx.o(.text) refers to system_stm32f4xx.o(i.SystemInit) for SystemInit
    startup_stm32f407xx.o(.text) refers to __main.o(!!!main) for __main
    startup_stm32f407xx.o(.text) refers to startup_stm32f407xx.o(HEAP) for Heap_Mem
    startup_stm32f407xx.o(.text) refers to startup_stm32f407xx.o(STACK) for Stack_Mem
    main.o(i.SystemClock_Config) refers to rt_memclr_w.o(.text) for __aeabi_memclr4
    main.o(i.SystemClock_Config) refers to stm32f4xx_hal_rcc.o(i.HAL_RCC_OscConfig) for HAL_RCC_OscConfig
    main.o(i.SystemClock_Config) refers to main.o(i.Error_Handler) for Error_Handler
    main.o(i.SystemClock_Config) refers to stm32f4xx_hal_rcc.o(i.HAL_RCC_ClockConfig) for HAL_RCC_ClockConfig
    main.o(i.main) refers to stm32f4xx_hal.o(i.HAL_Init) for HAL_Init
    main.o(i.main) refers to main.o(i.SystemClock_Config) for SystemClock_Config
    main.o(i.main) refers to gpio.o(i.MX_GPIO_Init) for MX_GPIO_Init
    main.o(i.main) refers to dma.o(i.MX_DMA_Init) for MX_DMA_Init
    main.o(i.main) refers to adc.o(i.MX_ADC1_Init) for MX_ADC1_Init
    main.o(i.main) refers to adc.o(i.MX_ADC3_Init) for MX_ADC3_Init
    main.o(i.main) refers to can.o(i.MX_CAN1_Init) for MX_CAN1_Init
    main.o(i.main) refers to can.o(i.MX_CAN2_Init) for MX_CAN2_Init
    main.o(i.main) refers to i2c.o(i.MX_I2C1_Init) for MX_I2C1_Init
    main.o(i.main) refers to spi.o(i.MX_SPI1_Init) for MX_SPI1_Init
    main.o(i.main) refers to tim.o(i.MX_TIM4_Init) for MX_TIM4_Init
    main.o(i.main) refers to tim.o(i.MX_TIM5_Init) for MX_TIM5_Init
    main.o(i.main) refers to usart.o(i.MX_USART3_UART_Init) for MX_USART3_UART_Init
    main.o(i.main) refers to tim.o(i.MX_TIM8_Init) for MX_TIM8_Init
    main.o(i.main) refers to crc.o(i.MX_CRC_Init) for MX_CRC_Init
    main.o(i.main) refers to rng.o(i.MX_RNG_Init) for MX_RNG_Init
    main.o(i.main) refers to i2c.o(i.MX_I2C2_Init) for MX_I2C2_Init
[...]
    vApplicationGetIdleTaskMemory            0x0800e31d   Thumb Code    14  freertos.o(i.vApplicationGetIdleTaskMemory)
    vApplicationGetTimerTaskMemory           0x0800e335   Thumb Code    16  freertos.o(i.vApplicationGetTimerTaskMemory)
    vListInitialise                          0x0800e34d   Thumb Code    26  list.o(i.vListInitialise)
    vListInitialiseItem                      0x0800e367   Thumb Code     6  list.o(i.vListInitialiseItem)
    vListInsert                              0x0800e36d   Thumb Code    52  list.o(i.vListInsert)
    vListInsertEnd                           0x0800e3a1   Thumb Code    24  list.o(i.vListInsertEnd)
    vPortEnterCritical                       0x0800e3b9   Thumb Code    76  port.o(i.vPortEnterCritical)
    vPortExitCritical                        0x0800e40d   Thumb Code    56  port.o(i.vPortExitCritical)
    vPortFree                                0x0800e449   Thumb Code   140  heap_4.o(i.vPortFree)
    vPortSetupTimerInterrupt                 0x0800e4dd   Thumb Code    36  port.o(i.vPortSetupTimerInterrupt)
    vPortValidateInterruptPriority           0x0800e505   Thumb Code   106  port.o(i.vPortValidateInterruptPriority)
    vQueueAddToRegistry                      0x0800e57d   Thumb Code    38  queue.o(i.vQueueAddToRegistry)
    vQueueWaitForMessageRestricted           0x0800e5a9   Thumb Code    74  queue.o(i.vQueueWaitForMessageRestricted)
    vTaskDelay                               0x0800e5f5   Thumb Code    82  tasks.o(i.vTaskDelay)
    vTaskInternalSetTimeOutState             0x0800e651   Thumb Code    14  tasks.o(i.vTaskInternalSetTimeOutState)
    vTaskMissedYield                         0x0800e669   Thumb Code     8  tasks.o(i.vTaskMissedYield)
    vTaskNotifyGiveFromISR                   0x0800e675   Thumb Code   214  tasks.o(i.vTaskNotifyGiveFromISR)
    vTaskPlaceOnEventList                    0x0800e765   Thumb Code    52  tasks.o(i.vTaskPlaceOnEventList)
    vTaskPlaceOnEventListRestricted          0x0800e79d   Thumb Code    60  tasks.o(i.vTaskPlaceOnEventListRestricted)
    vTaskStartScheduler                      0x0800e7dd   Thumb Code   156  tasks.o(i.vTaskStartScheduler)
    vTaskSuspendAll                          0x0800e895   Thumb Code    12  tasks.o(i.vTaskSuspendAll)
    vTaskSwitchContext                       0x0800e8a5   Thumb Code   118  tasks.o(i.vTaskSwitchContext)
    verify_CRC16_check_sum                   0x0800e931   Thumb Code    60  crc8_crc16.o(i.verify_CRC16_check_sum)
    verify_CRC8_check_sum                    0x0800e971   Thumb Code    46  crc8_crc16.o(i.verify_CRC8_check_sum)
    xPortStartScheduler                      0x0800e9a1   Thumb Code   330  port.o(i.xPortStartScheduler)
    xPortSysTickHandler                      0x0800eb09   Thumb Code    46  port.o(i.xPortSysTickHandler)
    xQueueGenericCreate                      0x0800eb3d   Thumb Code    96  queue.o(i.xQueueGenericCreate)
    xQueueGenericCreateStatic                0x0800eb9d   Thumb Code   224  queue.o(i.xQueueGenericCreateStatic)
    xQueueGenericReset                       0x0800ec7d   Thumb Code   146  queue.o(i.xQueueGenericReset)
    xQueueGenericSend                        0x0800ed15   Thumb Code   420  queue.o(i.xQueueGenericSend)
    xQueueGenericSendFromISR                 0x0800eebd   Thumb Code   248  queue.o(i.xQueueGenericSendFromISR)
    xQueueReceive                            0x0800efb5   Thumb Code   356  queue.o(i.xQueueReceive)
    xTaskCheckForTimeOut                     0x0800f11d   Thumb Code   156  tasks.o(i.xTaskCheckForTimeOut)
    xTaskCreate                              0x0800f1c5   Thumb Code   100  tasks.o(i.xTaskCreate)
    xTaskCreateStatic                        0x0800f229   Thumb Code   186  tasks.o(i.xTaskCreateStatic)
    xTaskGetSchedulerState                   0x0800f2e5   Thumb Code    24  tasks.o(i.xTaskGetSchedulerState)
    xTaskGetTickCount                        0x0800f305   Thumb Code     6  tasks.o(i.xTaskGetTickCount)
    xTaskIncrementTick                       0x0800f311   Thumb Code   282  tasks.o(i.xTaskIncrementTick)
    xTaskPriorityDisinherit                  0x0800f459   Thumb Code   188  tasks.o(i.xTaskPriorityDisinherit)
    xTaskRemoveFromEventList                 0x0800f521   Thumb Code   128  tasks.o(i.xTaskRemoveFromEventList)
    xTaskResumeAll                           0x0800f5b9   Thumb Code   224  tasks.o(i.xTaskResumeAll)
    xTimerCreate                             0x0800f6bd   Thumb Code    54  timers.o(i.xTimerCreate)
    xTimerCreateStatic                       0x0800f6f3   Thumb Code   114  timers.o(i.xTimerCreateStatic)
    xTimerCreateTimerTask                    0x0800f765   Thumb Code   100  timers.o(i.xTimerCreateTimerTask)
    xTimerGenericCommand                     0x0800f7dd   Thumb Code   128  timers.o(i.xTimerGenericCommand)
    _fp_init                                 0x0800f861   Thumb Code    10  fpinit.o(x$fpl$fpinit)
    __fplib_config_fpu_vfp                   0x0800f869   Thumb Code     0  fpinit.o(x$fpl$fpinit)
    __fplib_config_pureend_doubles           0x0800f869   Thumb Code     0  fpinit.o(x$fpl$fpinit)
    AHBPrescTable                            0x0800f954   Data          16  system_stm32f4xx.o(.constdata)
    APBPrescTable                            0x0800f964   Data           8  system_stm32f4xx.o(.constdata)
    CRC8_INIT                                0x0800f9a8   Data           1  crc8_crc16.o(.constdata)
    CRC8_table                               0x0800f9a9   Data         256  crc8_crc16.o(.constdata)
    wCRC_table                               0x0800faaa   Data         512  crc8_crc16.o(.constdata)
    Region$$Table$$Base                      0x0800fd00   Number         0  anon$$obj.o(Region$$Table)
    Region$$Table$$Limit                     0x0800fd20   Number         0  anon$$obj.o(Region$$Table)
    calibrate_tast_handle                    0x20000000   Data           4  freertos.o(.data)
    chassisTaskHandle                        0x20000004   Data           4  freertos.o(.data)
    detect_handle                            0x20000008   Data           4  freertos.o(.data)
    gimbalTaskHandle                         0x2000000c   Data           4  freertos.o(.data)
    imuTaskHandle                            0x20000010   Data           4  freertos.o(.data)
    led_RGB_flow_handle                      0x20000014   Data           4  freertos.o(.data)
    pwmR_task_handle                         0x20000018   Data           4  freertos.o(.data)
    oled_handle                              0x2000001c   Data           4  freertos.o(.data)
    referee_usart_task_handle                0x20000020   Data           4  freertos.o(.data)
    usb_task_handle                          0x20000024   Data           4  freertos.o(.data)
    battery_voltage_handle                   0x20000028   Data           4  freertos.o(.data)
    servo_task_handle                        0x2000002c   Data           4  freertos.o(.data)
    RelayContorl_task_handle                 0x20000030   Data           4  freertos.o(.data)
    decode_task_handle                       0x20000034   Data           4  freertos.o(.data)
    rc_task_handle                           0x20000038   Data           4  freertos.o(.data)
    up3508pid_task_handle                    0x2000003c   Data           4  freertos.o(.data)
    RosControl_task_handle                   0x20000040   Data           4  freertos.o(.data)
    ServoControl_task_handle                 0x20000044   Data           4  freertos.o(.data)
    Motor_taskHandle                         0x20000048   Data           4  freertos.o(.data)
    CDC_send_queue                           0x2000004c   Data           4  freertos.o(.data)
    msg_count                                0x20000050   Data           2  freertos.o(.data)
    testHandle                               0x20000054   Data           4  freertos.o(.data)
    Ts_myTimer01Handle                       0x20000058   Data           4  freertos.o(.data)
    hcrc                                     0x20000060   Data           8  crc.o(.data)
    FS_Desc                                  0x20000068   Data          28  usbd_desc.o(.data)
    USBD_FS_DeviceDesc                       0x20000084   Data          18  usbd_desc.o(.data)
    USBD_LangIDDesc                          0x20000098   Data           4  usbd_desc.o(.data)
    USBD_StringSerial                        0x2000009c   Data          26  usbd_desc.o(.data)
    USBD_Interface_fops_FS                   0x200000b8   Data          20  usbd_cdc_if.o(.data)
    SystemCoreClock                          0x200000cc   Data           4  system_stm32f4xx.o(.data)
    voltage_vrefint_proportion               0x200000d0   Data           4  bsp_adc.o(.data)
    calibrate_task_stack                     0x200000dc   Data           4  calibrate_task.o(.data)
    cali_hook_fun                            0x20000108   Data          20  calibrate_task.o(.data)
    gimbal_can_send_data                     0x20000130   Data           8  can_receive.o(.data)
    gyro_dma_rx_buf                          0x20000148   Data           8  ins_task.o(.data)
    gyro_dma_tx_buf                          0x20000150   Data           8  ins_task.o(.data)
    accel_dma_tx_buf                         0x20000158   Data           9  ins_task.o(.data)
    accel_temp_dma_rx_buf                    0x20000161   Data           4  ins_task.o(.data)
    accel_temp_dma_tx_buf                    0x20000165   Data           4  ins_task.o(.data)
    gyro_update_flag                         0x20000169   Data           1  ins_task.o(.data)
    accel_update_flag                        0x2000016a   Data           1  ins_task.o(.data)
    accel_temp_update_flag                   0x2000016b   Data           1  ins_task.o(.data)
    mag_update_flag                          0x2000016c   Data           1  ins_task.o(.data)
    imu_start_dma_flag                       0x2000016d   Data           1  ins_task.o(.data)
    gyro_scale_factor                        0x20000170   Data          36  ins_task.o(.data)
    accel_scale_factor                       0x20000194   Data          36  ins_task.o(.data)
    mag_scale_factor                         0x200001b8   Data          36  ins_task.o(.data)
    error_list_usb_local                     0x200001ec   Data           4  usb_task.o(.data)
    servo_rc                                 0x200001f4   Data           4  servo_task.o(.data)
    servo_pwm                                0x200001f8   Data           8  servo_task.o(.data)
    rpm_3508                                 0x20000200   Data           2  up_3508pid_task.o(.data)
    current_3508                             0x20000202   Data           2  up_3508pid_task.o(.data)
    motor_measure                            0x20000204   Data           4  up_3508pid_task.o(.data)
    debug_3508                               0x20000208   Data           2  up_3508pid_task.o(.data)
    voltage_6020                             0x2000020c   Data           4  6020anglecontrol.o(.data)
    motor_measure_6020                       0x20000210   Data           4  6020anglecontrol.o(.data)
    e_angle_6020                             0x20000214   Data           4  6020anglecontrol.o(.data)
    angle_6020                               0x20000218   Data           4  6020anglecontrol.o(.data)
    e_speed_6020                             0x2000021c   Data           4  6020anglecontrol.o(.data)
    voltage_6020_2                           0x20000220   Data           4  6020anglecontrol.o(.data)
    motor_measure_6020_2                     0x20000224   Data           4  6020anglecontrol.o(.data)
    e_angle_6020_2                           0x20000228   Data           4  6020anglecontrol.o(.data)
    angle_6020_2                             0x2000022c   Data           4  6020anglecontrol.o(.data)
    e_speed_6020_2                           0x20000230   Data           4  6020anglecontrol.o(.data)
    relay_output                             0x20000234   Data           4  relaycontrol_task.o(.data)
    relay_output_last                        0x20000238   Data           4  relaycontrol_task.o(.data)
    CRC16_INIT                               0x2000023c   Data           2  crc8_crc16.o(.data)
    taurus_end                               0x2000023e   Data           2  packet.o(.data)
    decode_receive_header                    0x20000240   Data           5  decode.o(.data)
    uwTick                                   0x20000248   Data           4  stm32f4xx_hal.o(.data)
    uwTickPrio                               0x2000024c   Data           4  stm32f4xx_hal.o(.data)
    uwTickFreq                               0x20000250   Data           1  stm32f4xx_hal.o(.data)
    pxCurrentTCB                             0x20000254   Data           4  tasks.o(.data)
    USBD_CDC                                 0x200002d8   Data          56  usbd_cdc.o(.data)
    message_info2                            0x200003dc   Data          38  freertos.o(.bss)
    hadc1                                    0x20000aac   Data          72  adc.o(.bss)
    hadc3                                    0x20000af4   Data          72  adc.o(.bss)
    hcan1                                    0x20000b3c   Data          40  can.o(.bss)
    hcan2                                    0x20000b64   Data          40  can.o(.bss)
    hi2c1                                    0x20000b8c   Data          84  i2c.o(.bss)
    hi2c2                                    0x20000be0   Data          84  i2c.o(.bss)
    hi2c3                                    0x20000c34   Data          84  i2c.o(.bss)
    hdma_i2c2_tx                             0x20000c88   Data          96  i2c.o(.bss)
    hrng                                     0x20000ce8   Data          16  rng.o(.bss)
    hrtc                                     0x20000cf8   Data          32  rtc.o(.bss)
    hspi1                                    0x20000d18   Data          88  spi.o(.bss)
    hspi2                                    0x20000d70   Data          88  spi.o(.bss)
    hdma_spi1_rx                             0x20000dc8   Data          96  spi.o(.bss)
    hdma_spi1_tx                             0x20000e28   Data          96  spi.o(.bss)
    htim1                                    0x20000e88   Data          64  tim.o(.bss)
    htim3                                    0x20000ec8   Data          64  tim.o(.bss)
    htim4                                    0x20000f08   Data          64  tim.o(.bss)
    htim5                                    0x20000f48   Data          64  tim.o(.bss)
    htim8                                    0x20000f88   Data          64  tim.o(.bss)
    htim10                                   0x20000fc8   Data          64  tim.o(.bss)
    huart1                                   0x20001008   Data          64  usart.o(.bss)
    huart3                                   0x20001048   Data          64  usart.o(.bss)
    huart6                                   0x20001088   Data          64  usart.o(.bss)
    hdma_usart1_tx                           0x200010c8   Data          96  usart.o(.bss)
    hdma_usart3_rx                           0x20001128   Data          96  usart.o(.bss)
    hdma_usart6_rx                           0x20001188   Data          96  usart.o(.bss)
    hdma_usart6_tx                           0x200011e8   Data          96  usart.o(.bss)
    hUsbDeviceFS                             0x20001248   Data         720  usb_device.o(.bss)
    hpcd_USB_OTG_FS                          0x20001518   Data        1032  usbd_conf.o(.bss)
    USBD_StrDesc                             0x20001b40   Data         512  usbd_desc.o(.bss)
    UserRxBufferFS                           0x20001d40   Data        2048  usbd_cdc_if.o(.bss)
    UserTxBufferFS                           0x20002540   Data        2048  usbd_cdc_if.o(.bss)
    cali_sensor                              0x20002e24   Data          65  calibrate_task.o(.bss)
    gimbal_tx_message                        0x20002eb0   Data          24  can_receive.o(.bss)
    chassis_tx_message                       0x20002ec8   Data          24  can_receive.o(.bss)
    error_list                               0x20002ee0   Data         540  detect_task.o(.bss)
    gimbal_control                           0x200030fc   Data         488  gimbal_task.o(.bss)
    accel_dma_rx_buf                         0x200032e4   Data           9  ins_task.o(.bss)
    bmi088_real_data                         0x200032f0   Data          36  ins_task.o(.bss)
    gyro_offset                              0x20003314   Data          12  ins_task.o(.bss)
    gyro_cali_offset                         0x20003320   Data          12  ins_task.o(.bss)
    accel_offset                             0x2000332c   Data          12  ins_task.o(.bss)
    accel_cali_offset                        0x20003338   Data          12  ins_task.o(.bss)
    ist8310_real_data                        0x20003344   Data          16  ins_task.o(.bss)
    mag_offset                               0x20003354   Data          12  ins_task.o(.bss)
    mag_cali_offset                          0x20003360   Data          12  ins_task.o(.bss)
    INS_angle                                0x2000340c   Data          12  ins_task.o(.bss)
    usart6_buf                               0x20003418   Data        1024  referee_usart_task.o(.bss)
    referee_fifo                             0x20003818   Data          24  referee_usart_task.o(.bss)
    referee_fifo_buf                         0x20003830   Data        1024  referee_usart_task.o(.bss)
    referee_unpack_obj                       0x20003c30   Data         137  referee_usart_task.o(.bss)
    rc_ctrl                                  0x20003cb9   Data          22  remote_control.o(.bss)
    rc_info_                                 0x20003ccf   Data          12  remote_control.o(.bss)
    pid_3508                                 0x20003db8   Data          72  up_3508pid_task.o(.bss)
    pid_6020                                 0x20003e00   Data          72  6020anglecontrol.o(.bss)
    pid_6020_speed                           0x20003e48   Data          72  6020anglecontrol.o(.bss)
    pid_6020_2                               0x20003e90   Data          72  6020anglecontrol.o(.bss)
    pid_6020_speed_2                         0x20003ed8   Data          72  6020anglecontrol.o(.bss)
    chassis_ctrl                             0x20003f20   Data          12  packet.o(.bss)
    chassis_odom                             0x20003f2c   Data          32  packet.o(.bss)
    message_info                             0x20003fcc   Data          38  decode.o(.bss)
    servo_info                               0x20003ff2   Data          12  decode.o(.bss)
    summer_camp_info                         0x20003ffe   Data          85  decode.o(.bss)
    usb_fifo                                 0x20004054   Data          24  decode.o(.bss)
    usb_fifo_buf                             0x2000406c   Data         512  decode.o(.bss)
    decode_unpack_obj                        0x2000426c   Data         137  decode.o(.bss)
    xQueueRegistry                           0x200042f8   Data          64  queue.o(.bss)
    __libspace_start                         0x2000a538   Data          96  libspace.o(.bss)
    __temporary_stack_top$libspace           0x2000a598   Data           0  libspace.o(.bss)



==============================================================================

Memory Map of the image

  Image Entry point : 0x08000189

  Load Region LR_IROM1 (Base: 0x08000000, Size: 0x000100fc, Max: 0x00100000, ABSOLUTE, COMPRESSED[0x0000fe48])

    Execution Region ER_IROM1 (Exec base: 0x08000000, Load base: 0x08000000, Size: 0x0000fd20, Max: 0x00100000, ABSOLUTE)

    Exec Addr    Load Addr    Size         Type   Attr      Idx    E Section Name        Object

    0x08000000   0x08000000   0x00000188   Data   RO            3    RESET               startup_stm32f407xx.o
    0x08000188   0x08000188   0x00000008   Code   RO        12021  * !!!main             c_w.l(__main.o)
    0x08000190   0x08000190   0x00000034   Code   RO        12536    !!!scatter          c_w.l(__scatter.o)
    0x080001c4   0x080001c4   0x0000005a   Code   RO        12534    !!dczerorl2         c_w.l(__dczerorl2.o)
    0x0800021e   0x0800021e   0x00000002   PAD
    0x08000220   0x08000220   0x0000001c   Code   RO        12538    !!handler_zi        c_w.l(__scatter_zi.o)
    0x0800023c   0x0800023c   0x00000002   Code   RO        12462    .ARM.Collect$$libinit$$00000000  c_w.l(libinit.o)
    0x0800023e   0x0800023e   0x00000004   Code   RO        12230    .ARM.Collect$$libinit$$00000001  c_w.l(libinit2.o)
    0x08000242   0x08000242   0x00000000   Code   RO        12233    .ARM.Collect$$libinit$$00000004  c_w.l(libinit2.o)
    0x08000242   0x08000242   0x00000000   Code   RO        12236    .ARM.Collect$$libinit$$0000000A  c_w.l(libinit2.o)
    0x08000242   0x08000242   0x00000000   Code   RO        12238    .ARM.Collect$$libinit$$0000000C  c_w.l(libinit2.o)
    0x08000242   0x08000242   0x00000000   Code   RO        12240    .ARM.Collect$$libinit$$0000000E  c_w.l(libinit2.o)
    0x08000242   0x08000242   0x00000000   Code   RO        12243    .ARM.Collect$$libinit$$00000011  c_w.l(libinit2.o)
    0x08000242   0x08000242   0x00000000   Code   RO        12245    .ARM.Collect$$libinit$$00000013  c_w.l(libinit2.o)
    0x08000242   0x08000242   0x00000000   Code   RO        12247    .ARM.Collect$$libinit$$00000015  c_w.l(libinit2.o)
    0x08000242   0x08000242   0x00000000   Code   RO        12249    .ARM.Collect$$libinit$$00000017  c_w.l(libinit2.o)
    0x08000242   0x08000242   0x00000000   Code   RO        12251    .ARM.Collect$$libinit$$00000019  c_w.l(libinit2.o)
    0x08000242   0x08000242   0x00000000   Code   RO        12253    .ARM.Collect$$libinit$$0000001B  c_w.l(libinit2.o)
    0x08000242   0x08000242   0x00000000   Code   RO        12255    .ARM.Collect$$libinit$$0000001D  c_w.l(libinit2.o)
    0x08000242   0x08000242   0x00000000   Code   RO        12257    .ARM.Collect$$libinit$$0000001F  c_w.l(libinit2.o)
    0x08000242   0x08000242   0x00000000   Code   RO        12259    .ARM.Collect$$libinit$$00000021  c_w.l(libinit2.o)
    0x08000242   0x08000242   0x00000000   Code   RO        12261    .ARM.Collect$$libinit$$00000023  c_w.l(libinit2.o)
    0x08000242   0x08000242   0x00000000   Code   RO        12263    .ARM.Collect$$libinit$$00000025  c_w.l(libinit2.o)
    0x08000242   0x08000242   0x00000000   Code   RO        12267    .ARM.Collect$$libinit$$0000002C  c_w.l(libinit2.o)
    0x08000242   0x08000242   0x00000000   Code   RO        12269    .ARM.Collect$$libinit$$0000002E  c_w.l(libinit2.o)
    0x08000242   0x08000242   0x00000000   Code   RO        12271    .ARM.Collect$$libinit$$00000030  c_w.l(libinit2.o)
    0x08000242   0x08000242   0x00000000   Code   RO        12273    .ARM.Collect$$libinit$$00000032  c_w.l(libinit2.o)
    0x08000242   0x08000242   0x00000002   Code   RO        12274    .ARM.Collect$$libinit$$00000033  c_w.l(libinit2.o)
    0x08000244   0x08000244   0x00000002   Code   RO        12531    .ARM.Collect$$libshutdown$$00000000  c_w.l(libshutdown.o)
    0x08000246   0x08000246   0x00000000   Code   RO        12487    .ARM.Collect$$libshutdown$$00000002  c_w.l(libshutdown2.o)
    0x08000246   0x08000246   0x00000000   Code   RO        12489    .ARM.Collect$$libshutdown$$00000004  c_w.l(libshutdown2.o)
    0x08000246   0x08000246   0x00000000   Code   RO        12491    .ARM.Collect$$libshutdown$$00000006  c_w.l(libshutdown2.o)
    0x08000246   0x08000246   0x00000000   Code   RO        12494    .ARM.Collect$$libshutdown$$00000009  c_w.l(libshutdown2.o)
    0x08000246   0x08000246   0x00000000   Code   RO        12497    .ARM.Collect$$libshutdown$$0000000C  c_w.l(libshutdown2.o)
    0x08000246   0x08000246   0x00000000   Code   RO        12499    .ARM.Collect$$libshutdown$$0000000E  c_w.l(libshutdown2.o)
    0x08000246   0x08000246   0x00000000   Code   RO        12502    .ARM.Collect$$libshutdown$$00000011  c_w.l(libshutdown2.o)
    0x08000246   0x08000246   0x00000002   Code   RO        12503    .ARM.Collect$$libshutdown$$00000012  c_w.l(libshutdown2.o)
    0x08000248   0x08000248   0x00000000   Code   RO        12105    .ARM.Collect$$rtentry$$00000000  c_w.l(__rtentry.o)
    0x08000248   0x08000248   0x00000000   Code   RO        12333    .ARM.Collect$$rtentry$$00000002  c_w.l(__rtentry2.o)
    0x08000248   0x08000248   0x00000006   Code   RO        12345    .ARM.Collect$$rtentry$$00000004  c_w.l(__rtentry4.o)
    0x0800024e   0x0800024e   0x00000000   Code   RO        12335    .ARM.Collect$$rtentry$$00000009  c_w.l(__rtentry2.o)
    0x0800024e   0x0800024e   0x00000004   Code   RO        12336    .ARM.Collect$$rtentry$$0000000A  c_w.l(__rtentry2.o)
    0x08000252   0x08000252   0x00000000   Code   RO        12338    .ARM.Collect$$rtentry$$0000000C  c_w.l(__rtentry2.o)
    0x08000252   0x08000252   0x00000008   Code   RO        12339    .ARM.Collect$$rtentry$$0000000D  c_w.l(__rtentry2.o)
    0x0800025a   0x0800025a   0x00000002   Code   RO        12469    .ARM.Collect$$rtexit$$00000000  c_w.l(rtexit.o)
    0x0800025c   0x0800025c   0x00000000   Code   RO        12507    .ARM.Collect$$rtexit$$00000002  c_w.l(rtexit2.o)
    0x0800025c   0x0800025c   0x00000004   Code   RO        12508    .ARM.Collect$$rtexit$$00000003  c_w.l(rtexit2.o)
    0x08000260   0x08000260   0x00000006   Code   RO        12509    .ARM.Collect$$rtexit$$00000004  c_w.l(rtexit2.o)
    0x08000266   0x08000266   0x00000002   PAD
    0x08000268   0x08000268   0x000000be   Code   RO        11208    .emb_text           port.o
    0x08000326   0x08000326   0x00000002   PAD
    0x08000328   0x08000328   0x00000040   Code   RO            4    .text               startup_stm32f407xx.o
    0x08000368   0x08000368   0x000000ee   Code   RO        12001    .text               c_w.l(lludivv7m.o)
    0x08000456   0x08000456   0x0000008a   Code   RO        12007    .text               c_w.l(rt_memcpy_v6.o)
    0x080004e0   0x080004e0   0x00000064   Code   RO        12009    .text               c_w.l(rt_memcpy_w.o)
    0x08000544   0x08000544   0x00000010   Code   RO        12013    .text               c_w.l(aeabi_memset.o)
    0x08000554   0x08000554   0x00000044   Code   RO        12015    .text               c_w.l(rt_memclr.o)
    0x08000598   0x08000598   0x0000004e   Code   RO        12017    .text               c_w.l(rt_memclr_w.o)
    0x080005e6   0x080005e6   0x00000006   Code   RO        12019    .text               c_w.l(heapauxi.o)
    0x080005ec   0x080005ec   0x00000008   Code   RO        12329    .text               c_w.l(libspace.o)
    0x080005f4   0x080005f4   0x00000002   Code   RO        12397    .text               c_w.l(use_no_semi.o)
    0x080005f6   0x080005f6   0x00000000   Code   RO        12399    .text               c_w.l(indicate_semi.o)
    0x080005f6   0x080005f6   0x0000004a   Code   RO        12400    .text               c_w.l(sys_stackheap_outer.o)
    0x08000640   0x08000640   0x00000012   Code   RO        12443    .text               c_w.l(exit.o)
    0x08000652   0x08000652   0x00000002   PAD
    0x08000654   0x08000654   0x0000000c   Code   RO        12467    .text               c_w.l(sys_exit.o)
    0x08000660   0x08000660   0x00000160   Code   RO         6662    i.ADC_Init          stm32f4xx_hal_adc.o
    0x080007c0   0x080007c0   0x00000004   Code   RO         1332    i.BusFault_Handler  stm32f4xx_it.o
    0x080007c4   0x080007c4   0x00000010   Code   RO         1333    i.CAN1_RX0_IRQHandler  stm32f4xx_it.o
    0x080007d4   0x080007d4   0x00000010   Code   RO         1334    i.CAN1_TX_IRQHandler  stm32f4xx_it.o
    0x080007e4   0x080007e4   0x00000010   Code   RO         1335    i.CAN2_RX0_IRQHandler  stm32f4xx_it.o
    0x080007f4   0x080007f4   0x00000050   Code   RO         2361    i.CAN_cmd_chassis   can_receive.o
    0x08000844   0x08000844   0x00000050   Code   RO         2363    i.CAN_cmd_gimbal    can_receive.o
    0x08000894   0x08000894   0x00000044   Code   RO         1275    i.CDC_Control_FS    usbd_cdc_if.o
    0x080008d8   0x080008d8   0x00000004   Code   RO         1276    i.CDC_DeInit_FS     usbd_cdc_if.o
    0x080008dc   0x080008dc   0x00000024   Code   RO         1277    i.CDC_Init_FS       usbd_cdc_if.o
    0x08000900   0x08000900   0x00000024   Code   RO         1278    i.CDC_Receive_FS    usbd_cdc_if.o
    0x08000924   0x08000924   0x0000000c   Code   RO         1279    i.CDC_TransmitCplt_FS  usbd_cdc_if.o
    0x08000930   0x08000930   0x00000038   Code   RO         1280    i.CDC_Transmit_FS   usbd_cdc_if.o
    0x08000968   0x08000968   0x0000007c   Code   RO         1937    i.DMA1_Stream7_IRQHandler  bsp_i2c.o
    0x080009e4   0x080009e4   0x00000010   Code   RO         1336    i.DMA2_Stream1_IRQHandler  stm32f4xx_it.o
    0x080009f4   0x080009f4   0x00000898   Code   RO         2900    i.DMA2_Stream2_IRQHandler  ins_task.o
    0x0800128c   0x0800128c   0x00000010   Code   RO         1337    i.DMA2_Stream6_IRQHandler  stm32f4xx_it.o
    0x0800129c   0x0800129c   0x00000010   Code   RO         1338    i.DMA2_Stream7_IRQHandler  stm32f4xx_it.o
    0x080012ac   0x080012ac   0x00000034   Code   RO         5981    i.DMA_CalcBaseAndBitshift  stm32f4xx_hal_dma.o
    0x080012e0   0x080012e0   0x000000aa   Code   RO         5982    i.DMA_CheckFifoParam  stm32f4xx_hal_dma.o
    0x0800138a   0x0800138a   0x00000002   Code   RO         1339    i.DebugMon_Handler  stm32f4xx_it.o
    0x0800138c   0x0800138c   0x0000000a   Code   RO         1340    i.EXTI0_IRQHandler  stm32f4xx_it.o
    0x08001396   0x08001396   0x0000000a   Code   RO         1341    i.EXTI3_IRQHandler  stm32f4xx_it.o
    0x080013a0   0x080013a0   0x0000000a   Code   RO         1342    i.EXTI4_IRQHandler  stm32f4xx_it.o
    0x080013aa   0x080013aa   0x0000000a   Code   RO         1343    i.EXTI9_5_IRQHandler  stm32f4xx_it.o
    0x080013b4   0x080013b4   0x00000002   Code   RO           13    i.Error_Handler     main.o
    0x080013b6   0x080013b6   0x00000002   PAD
    0x080013b8   0x080013b8   0x0000009c   Code   RO         3572    i.GM6020_SpeedPID   6020anglecontrol.o
    0x08001454   0x08001454   0x00000084   Code   RO         3573    i.GM6020_control    6020anglecontrol.o
    0x080014d8   0x080014d8   0x00000084   Code   RO         3574    i.GM6020_control_2  6020anglecontrol.o
    0x0800155c   0x0800155c   0x0000004c   Code   RO         3575    i.GM6020_init       6020anglecontrol.o
    0x080015a8   0x080015a8   0x0000004c   Code   RO         3576    i.GM6020_init_2     6020anglecontrol.o
    0x080015f4   0x080015f4   0x00000034   Code   RO         1185    i.Get_SerialNum     usbd_desc.o
    0x08001628   0x08001628   0x0000018c   Code   RO         6664    i.HAL_ADC_ConfigChannel  stm32f4xx_hal_adc.o
    0x080017b4   0x080017b4   0x00000008   Code   RO         6671    i.HAL_ADC_GetValue  stm32f4xx_hal_adc.o
    0x080017bc   0x080017bc   0x00000068   Code   RO         6673    i.HAL_ADC_Init      stm32f4xx_hal_adc.o
    0x08001824   0x08001824   0x000000ac   Code   RO          450    i.HAL_ADC_MspInit   adc.o
    0x080018d0   0x080018d0   0x000000c2   Code   RO         6677    i.HAL_ADC_PollForConversion  stm32f4xx_hal_adc.o
    0x08001992   0x08001992   0x00000002   PAD
    0x08001994   0x08001994   0x0000013c   Code   RO         6679    i.HAL_ADC_Start     stm32f4xx_hal_adc.o
    0x08001ad0   0x08001ad0   0x0000002a   Code   RO         6935    i.HAL_CAN_ActivateNotification  stm32f4xx_hal_can.o
    0x08001afa   0x08001afa   0x00000156   Code   RO         6936    i.HAL_CAN_AddTxMessage  stm32f4xx_hal_can.o
    0x08001c50   0x08001c50   0x00000124   Code   RO         6937    i.HAL_CAN_ConfigFilter  stm32f4xx_hal_can.o
    0x08001d74   0x08001d74   0x00000002   Code   RO         6940    i.HAL_CAN_ErrorCallback  stm32f4xx_hal_can.o
    0x08001d76   0x08001d76   0x0000017a   Code   RO         6943    i.HAL_CAN_GetRxMessage  stm32f4xx_hal_can.o
    0x08001ef0   0x08001ef0   0x0000024e   Code   RO         6947    i.HAL_CAN_IRQHandler  stm32f4xx_hal_can.o
    0x0800213e   0x0800213e   0x00000174   Code   RO         6948    i.HAL_CAN_Init      stm32f4xx_hal_can.o
    0x080022b2   0x080022b2   0x00000002   PAD
    0x080022b4   0x080022b4   0x00000170   Code   RO          498    i.HAL_CAN_MspInit   can.o
    0x08002424   0x08002424   0x00000002   Code   RO         6955    i.HAL_CAN_RxFifo0FullCallback  stm32f4xx_hal_can.o
    0x08002426   0x08002426   0x00000002   PAD
    0x08002428   0x08002428   0x000000dc   Code   RO         2364    i.HAL_CAN_RxFifo0MsgPendingCallback  can_receive.o
    0x08002504   0x08002504   0x00000002   Code   RO         6957    i.HAL_CAN_RxFifo1FullCallback  stm32f4xx_hal_can.o
    0x08002506   0x08002506   0x00000002   Code   RO         6958    i.HAL_CAN_RxFifo1MsgPendingCallback  stm32f4xx_hal_can.o
    0x08002508   0x08002508   0x00000002   Code   RO         6959    i.HAL_CAN_SleepCallback  stm32f4xx_hal_can.o
    0x0800250a   0x0800250a   0x0000005e   Code   RO         6960    i.HAL_CAN_Start     stm32f4xx_hal_can.o
    0x08002568   0x08002568   0x00000002   Code   RO         6962    i.HAL_CAN_TxMailbox0AbortCallback  stm32f4xx_hal_can.o
    0x0800256a   0x0800256a   0x00000002   Code   RO         6963    i.HAL_CAN_TxMailbox0CompleteCallback  stm32f4xx_hal_can.o
    0x0800256c   0x0800256c   0x00000002   Code   RO         6964    i.HAL_CAN_TxMailbox1AbortCallback  stm32f4xx_hal_can.o
    0x0800256e   0x0800256e   0x00000002   Code   RO         6965    i.HAL_CAN_TxMailbox1CompleteCallback  stm32f4xx_hal_can.o
    0x08002570   0x08002570   0x00000002   Code   RO         6966    i.HAL_CAN_TxMailbox2AbortCallback  stm32f4xx_hal_can.o
    0x08002572   0x08002572   0x00000002   Code   RO         6967    i.HAL_CAN_TxMailbox2CompleteCallback  stm32f4xx_hal_can.o
    0x08002574   0x08002574   0x00000002   Code   RO         6969    i.HAL_CAN_WakeUpFromRxMsgCallback  stm32f4xx_hal_can.o
    0x08002576   0x08002576   0x00000020   Code   RO         7172    i.HAL_CRC_Init      stm32f4xx_hal_crc.o
    0x08002596   0x08002596   0x00000002   PAD
    0x08002598   0x08002598   0x00000034   Code   RO          547    i.HAL_CRC_MspInit   crc.o
    0x080025cc   0x080025cc   0x00000240   Code   RO         5989    i.HAL_DMA_IRQHandler  stm32f4xx_hal_dma.o
    0x0800280c   0x0800280c   0x000000ec   Code   RO         5990    i.HAL_DMA_Init      stm32f4xx_hal_dma.o
    0x080028f8   0x080028f8   0x00000028   Code   RO         6408    i.HAL_Delay         stm32f4xx_hal.o
    0x08002920   0x08002920   0x000000b8   Code   RO         2901    i.HAL_GPIO_EXTI_Callback  ins_task.o
    0x080029d8   0x080029d8   0x0000001c   Code   RO         5876    i.HAL_GPIO_EXTI_IRQHandler  stm32f4xx_hal_gpio.o
    0x080029f4   0x080029f4   0x00000200   Code   RO         5877    i.HAL_GPIO_Init     stm32f4xx_hal_gpio.o
    0x08002bf4   0x08002bf4   0x0000000c   Code   RO         5881    i.HAL_GPIO_WritePin  stm32f4xx_hal_gpio.o
    0x08002c00   0x08002c00   0x0000000c   Code   RO         6414    i.HAL_GetTick       stm32f4xx_hal.o
    0x08002c0c   0x08002c0c   0x000001d0   Code   RO         7239    i.HAL_I2C_Init      stm32f4xx_hal_i2c.o
    0x08002ddc   0x08002ddc   0x00000208   Code   RO          613    i.HAL_I2C_MspInit   i2c.o
    0x08002fe4   0x08002fe4   0x00000018   Code   RO         6420    i.HAL_IncTick       stm32f4xx_hal.o
    0x08002ffc   0x08002ffc   0x0000003c   Code   RO         6421    i.HAL_Init          stm32f4xx_hal.o
    0x08003038   0x08003038   0x0000004c   Code   RO         6422    i.HAL_InitTick      stm32f4xx_hal.o
    0x08003084   0x08003084   0x00000054   Code   RO         1462    i.HAL_MspInit       stm32f4xx_hal_msp.o
    0x080030d8   0x080030d8   0x00000020   Code   RO         6266    i.HAL_NVIC_EnableIRQ  stm32f4xx_hal_cortex.o
    0x080030f8   0x080030f8   0x0000007c   Code   RO         6272    i.HAL_NVIC_SetPriority  stm32f4xx_hal_cortex.o
    0x08003174   0x08003174   0x00000028   Code   RO         6273    i.HAL_NVIC_SetPriorityGrouping  stm32f4xx_hal_cortex.o
    0x0800319c   0x0800319c   0x00000002   Code   RO         5130    i.HAL_PCDEx_LPM_Callback  stm32f4xx_hal_pcd_ex.o
    0x0800319e   0x0800319e   0x0000000a   Code   RO         5131    i.HAL_PCDEx_SetRxFiFo  stm32f4xx_hal_pcd_ex.o
    0x080031a8   0x080031a8   0x0000004e   Code   RO         5132    i.HAL_PCDEx_SetTxFiFo  stm32f4xx_hal_pcd_ex.o
    0x080031f6   0x080031f6   0x0000000e   Code   RO          978    i.HAL_PCD_ConnectCallback  usbd_conf.o
    0x08003204   0x08003204   0x00000020   Code   RO          979    i.HAL_PCD_DataInStageCallback  usbd_conf.o
    0x08003224   0x08003224   0x00000020   Code   RO          980    i.HAL_PCD_DataOutStageCallback  usbd_conf.o
    0x08003244   0x08003244   0x0000000e   Code   RO          981    i.HAL_PCD_DisconnectCallback  usbd_conf.o
    0x08003252   0x08003252   0x0000006a   Code   RO         4907    i.HAL_PCD_EP_Close  stm32f4xx_hal_pcd.o
    0x080032bc   0x080032bc   0x0000007c   Code   RO         4908    i.HAL_PCD_EP_ClrStall  stm32f4xx_hal_pcd.o
    0x08003338   0x08003338   0x00000016   Code   RO         4910    i.HAL_PCD_EP_GetRxCount  stm32f4xx_hal_pcd.o
    0x0800334e   0x0800334e   0x0000008c   Code   RO         4911    i.HAL_PCD_EP_Open   stm32f4xx_hal_pcd.o
    0x080033da   0x080033da   0x00000058   Code   RO         4912    i.HAL_PCD_EP_Receive  stm32f4xx_hal_pcd.o
    0x08003432   0x08003432   0x0000008a   Code   RO         4913    i.HAL_PCD_EP_SetStall  stm32f4xx_hal_pcd.o
    0x080034bc   0x080034bc   0x0000005a   Code   RO         4914    i.HAL_PCD_EP_Transmit  stm32f4xx_hal_pcd.o
    0x08003516   0x08003516   0x0000055c   Code   RO         4916    i.HAL_PCD_IRQHandler  stm32f4xx_hal_pcd.o
    0x08003a72   0x08003a72   0x00000012   Code   RO          982    i.HAL_PCD_ISOINIncompleteCallback  usbd_conf.o
    0x08003a84   0x08003a84   0x00000012   Code   RO          983    i.HAL_PCD_ISOOUTIncompleteCallback  usbd_conf.o
    0x08003a96   0x08003a96   0x00000166   Code   RO         4919    i.HAL_PCD_Init      stm32f4xx_hal_pcd.o
    0x08003bfc   0x08003bfc   0x000000a8   Code   RO          985    i.HAL_PCD_MspInit   usbd_conf.o
    0x08003ca4   0x08003ca4   0x00000030   Code   RO          986    i.HAL_PCD_ResetCallback  usbd_conf.o
    0x08003cd4   0x08003cd4   0x0000000e   Code   RO          987    i.HAL_PCD_ResumeCallback  usbd_conf.o
    0x08003ce2   0x08003ce2   0x0000000e   Code   RO          988    i.HAL_PCD_SOFCallback  usbd_conf.o
    0x08003cf0   0x08003cf0   0x00000036   Code   RO         4925    i.HAL_PCD_SetAddress  stm32f4xx_hal_pcd.o
    0x08003d26   0x08003d26   0x00000012   Code   RO          989    i.HAL_PCD_SetupStageCallback  usbd_conf.o
    0x08003d38   0x08003d38   0x0000004a   Code   RO         4927    i.HAL_PCD_Start     stm32f4xx_hal_pcd.o
    0x08003d82   0x08003d82   0x00000002   PAD
    0x08003d84   0x08003d84   0x00000034   Code   RO          990    i.HAL_PCD_SuspendCallback  usbd_conf.o
    0x08003db8   0x08003db8   0x000001a0   Code   RO         5583    i.HAL_RCCEx_PeriphCLKConfig  stm32f4xx_hal_rcc_ex.o
    0x08003f58   0x08003f58   0x00000184   Code   RO         5478    i.HAL_RCC_ClockConfig  stm32f4xx_hal_rcc.o
    0x080040dc   0x080040dc   0x0000000c   Code   RO         5483    i.HAL_RCC_GetHCLKFreq  stm32f4xx_hal_rcc.o
    0x080040e8   0x080040e8   0x00000020   Code   RO         5485    i.HAL_RCC_GetPCLK1Freq  stm32f4xx_hal_rcc.o
    0x08004108   0x08004108   0x00000020   Code   RO         5486    i.HAL_RCC_GetPCLK2Freq  stm32f4xx_hal_rcc.o
    0x08004128   0x08004128   0x000000b0   Code   RO         5487    i.HAL_RCC_GetSysClockFreq  stm32f4xx_hal_rcc.o
    0x080041d8   0x080041d8   0x00000488   Code   RO         5490    i.HAL_RCC_OscConfig  stm32f4xx_hal_rcc.o
    0x08004660   0x08004660   0x00000034   Code   RO         7727    i.HAL_RNG_Init      stm32f4xx_hal_rng.o
    0x08004694   0x08004694   0x00000034   Code   RO          667    i.HAL_RNG_MspInit   rng.o
    0x080046c8   0x080046c8   0x000000d8   Code   RO         7828    i.HAL_RTC_Init      stm32f4xx_hal_rtc.o
    0x080047a0   0x080047a0   0x00000040   Code   RO          709    i.HAL_RTC_MspInit   rtc.o
    0x080047e0   0x080047e0   0x0000003a   Code   RO         7836    i.HAL_RTC_WaitForSynchro  stm32f4xx_hal_rtc.o
    0x0800481a   0x0800481a   0x0000008c   Code   RO         8197    i.HAL_SPI_Init      stm32f4xx_hal_spi.o
    0x080048a6   0x080048a6   0x00000002   PAD
    0x080048a8   0x080048a8   0x000001cc   Code   RO          751    i.HAL_SPI_MspInit   spi.o
    0x08004a74   0x08004a74   0x00000034   Code   RO         6277    i.HAL_SYSTICK_Config  stm32f4xx_hal_cortex.o
    0x08004aa8   0x08004aa8   0x00000074   Code   RO         9199    i.HAL_TIMEx_ConfigBreakDeadTime  stm32f4xx_hal_tim_ex.o
    0x08004b1c   0x08004b1c   0x000000b4   Code   RO         9214    i.HAL_TIMEx_MasterConfigSynchronization  stm32f4xx_hal_tim_ex.o
    0x08004bd0   0x08004bd0   0x00000034   Code   RO         8510    i.HAL_TIM_Base_Init  stm32f4xx_hal_tim.o
    0x08004c04   0x08004c04   0x0000011c   Code   RO          799    i.HAL_TIM_Base_MspInit  tim.o
    0x08004d20   0x08004d20   0x0000002a   Code   RO         8513    i.HAL_TIM_Base_Start  stm32f4xx_hal_tim.o
    0x08004d4a   0x08004d4a   0x00000108   Code   RO         8519    i.HAL_TIM_ConfigClockSource  stm32f4xx_hal_tim.o
    0x08004e52   0x08004e52   0x00000002   PAD
    0x08004e54   0x08004e54   0x000002c0   Code   RO          800    i.HAL_TIM_MspPostInit  tim.o
    0x08005114   0x08005114   0x00000108   Code   RO         8577    i.HAL_TIM_PWM_ConfigChannel  stm32f4xx_hal_tim.o
    0x0800521c   0x0800521c   0x00000034   Code   RO         8580    i.HAL_TIM_PWM_Init  stm32f4xx_hal_tim.o
    0x08005250   0x08005250   0x00000002   Code   RO         8582    i.HAL_TIM_PWM_MspInit  stm32f4xx_hal_tim.o
    0x08005252   0x08005252   0x00000002   PAD
    0x08005254   0x08005254   0x00000058   Code   RO         8585    i.HAL_TIM_PWM_Start  stm32f4xx_hal_tim.o
    0x080052ac   0x080052ac   0x00000072   Code   RO         9472    i.HAL_UART_Init     stm32f4xx_hal_uart.o
    0x0800531e   0x0800531e   0x00000002   PAD
    0x08005320   0x08005320   0x000002f0   Code   RO          877    i.HAL_UART_MspInit  usart.o
    0x08005610   0x08005610   0x00000004   Code   RO         1344    i.HardFault_Handler  stm32f4xx_it.o
    0x08005614   0x08005614   0x0000007c   Code   RO         2902    i.INS_cali_gyro     ins_task.o
    0x08005690   0x08005690   0x00000048   Code   RO         2903    i.INS_set_cali_gyro  ins_task.o
    0x080056d8   0x080056d8   0x0000003e   Code   RO         1186    i.IntToUnicode      usbd_desc.o
    0x08005716   0x08005716   0x00000002   PAD
    0x08005718   0x08005718   0x00000070   Code   RO         3625    i.MG6020_ros_control  roscontrol_task.o
    0x08005788   0x08005788   0x00000070   Code   RO         3626    i.MG6020_ros_control_2  roscontrol_task.o
    0x080057f8   0x080057f8   0x00000070   Code   RO          451    i.MX_ADC1_Init      adc.o
    0x08005868   0x08005868   0x00000070   Code   RO          452    i.MX_ADC3_Init      adc.o
    0x080058d8   0x080058d8   0x00000048   Code   RO          499    i.MX_CAN1_Init      can.o
    0x08005920   0x08005920   0x00000044   Code   RO          500    i.MX_CAN2_Init      can.o
    0x08005964   0x08005964   0x00000020   Code   RO          548    i.MX_CRC_Init       crc.o
    0x08005984   0x08005984   0x000000b8   Code   RO          588    i.MX_DMA_Init       dma.o
    0x08005a3c   0x08005a3c   0x00000114   Code   RO          369    i.MX_FREERTOS_Init  freertos.o
    0x08005b50   0x08005b50   0x00000254   Code   RO          345    i.MX_GPIO_Init      gpio.o
    0x08005da4   0x08005da4   0x0000003c   Code   RO          614    i.MX_I2C1_Init      i2c.o
    0x08005de0   0x08005de0   0x0000003c   Code   RO          615    i.MX_I2C2_Init      i2c.o
    0x08005e1c   0x08005e1c   0x0000003c   Code   RO          616    i.MX_I2C3_Init      i2c.o
    0x08005e58   0x08005e58   0x00000020   Code   RO          668    i.MX_RNG_Init       rng.o
    0x08005e78   0x08005e78   0x00000034   Code   RO          710    i.MX_RTC_Init       rtc.o
    0x08005eac   0x08005eac   0x00000048   Code   RO          752    i.MX_SPI1_Init      spi.o
    0x08005ef4   0x08005ef4   0x00000048   Code   RO          753    i.MX_SPI2_Init      spi.o
    0x08005f3c   0x08005f3c   0x0000006c   Code   RO          801    i.MX_TIM10_Init     tim.o
    0x08005fa8   0x08005fa8   0x0000010c   Code   RO          802    i.MX_TIM1_Init      tim.o
    0x080060b4   0x080060b4   0x000000a4   Code   RO          803    i.MX_TIM3_Init      tim.o
    0x08006158   0x08006158   0x000000a4   Code   RO          804    i.MX_TIM4_Init      tim.o
    0x080061fc   0x080061fc   0x000000c4   Code   RO          805    i.MX_TIM5_Init      tim.o
    0x080062c0   0x080062c0   0x000000ec   Code   RO          806    i.MX_TIM8_Init      tim.o
    0x080063ac   0x080063ac   0x00000038   Code   RO          878    i.MX_USART1_UART_Init  usart.o
    0x080063e4   0x080063e4   0x0000003c   Code   RO          879    i.MX_USART3_UART_Init  usart.o
    0x08006420   0x08006420   0x00000038   Code   RO          880    i.MX_USART6_UART_Init  usart.o
    0x08006458   0x08006458   0x0000004c   Code   RO          930    i.MX_USB_DEVICE_Init  usb_device.o
    0x080064a4   0x080064a4   0x00000004   Code   RO         1345    i.MemManage_Handler  stm32f4xx_it.o
    0x080064a8   0x080064a8   0x00000002   Code   RO         1346    i.NMI_Handler       stm32f4xx_it.o
    0x080064aa   0x080064aa   0x00000002   PAD
    0x080064ac   0x080064ac   0x00000010   Code   RO         1347    i.OTG_FS_IRQHandler  stm32f4xx_it.o
    0x080064bc   0x080064bc   0x00000064   Code   RO         4931    i.PCD_EP_OutSetupPacket_int  stm32f4xx_hal_pcd.o
    0x08006520   0x08006520   0x0000017c   Code   RO         4932    i.PCD_EP_OutXfrComplete_int  stm32f4xx_hal_pcd.o
    0x0800669c   0x0800669c   0x000000b6   Code   RO         4933    i.PCD_WriteEmptyTxFifo  stm32f4xx_hal_pcd.o
    0x08006752   0x08006752   0x00000002   PAD
    0x08006754   0x08006754   0x00000234   Code   RO         4758    i.PID_calc          pid.o
    0x08006988   0x08006988   0x00000060   Code   RO         4760    i.PID_init          pid.o
    0x080069e8   0x080069e8   0x0000009c   Code   RO         2070    i.RC_Init           bsp_rc.o
    0x08006a84   0x08006a84   0x00000050   Code   RO         2071    i.RC_restart        bsp_rc.o
    0x08006ad4   0x08006ad4   0x00000018   Code   RO         2072    i.RC_unable         bsp_rc.o
    0x08006aec   0x08006aec   0x0000003e   Code   RO         7839    i.RTC_EnterInitMode  stm32f4xx_hal_rtc.o
    0x08006b2a   0x08006b2a   0x00000002   PAD
    0x08006b2c   0x08006b2c   0x000000a4   Code   RO         3662    i.RelayContorl_task  relaycontrol_task.o
    0x08006bd0   0x08006bd0   0x0000001e   Code   RO         3627    i.RosControl_task   roscontrol_task.o
    0x08006bee   0x08006bee   0x00000002   PAD
    0x08006bf0   0x08006bf0   0x0000273c   Code   RO         2142    i.SPI1_DMA_enable   bsp_spi.o
    0x0800932c   0x0800932c   0x00000012   Code   RO        11426    i.SWAPBYTE          usbd_ctlreq.o
    0x0800933e   0x0800933e   0x00000014   Code   RO         1348    i.SysTick_Handler   stm32f4xx_it.o
    0x08009352   0x08009352   0x00000002   PAD
    0x08009354   0x08009354   0x000000b4   Code   RO           14    i.SystemClock_Config  main.o
    0x08009408   0x08009408   0x00000064   Code   RO         1487    i.SystemInit        system_stm32f4xx.o
    0x0800946c   0x0800946c   0x000000d8   Code   RO         8598    i.TIM_Base_SetConfig  stm32f4xx_hal_tim.o
    0x08009544   0x08009544   0x00000022   Code   RO         8599    i.TIM_CCxChannelCmd  stm32f4xx_hal_tim.o
    0x08009566   0x08009566   0x00000016   Code   RO         8609    i.TIM_ETR_SetConfig  stm32f4xx_hal_tim.o
    0x0800957c   0x0800957c   0x00000012   Code   RO         8610    i.TIM_ITRx_SetConfig  stm32f4xx_hal_tim.o
    0x0800958e   0x0800958e   0x00000002   PAD
    0x08009590   0x08009590   0x00000070   Code   RO         8611    i.TIM_OC1_SetConfig  stm32f4xx_hal_tim.o
    0x08009600   0x08009600   0x0000007c   Code   RO         8612    i.TIM_OC2_SetConfig  stm32f4xx_hal_tim.o
    0x0800967c   0x0800967c   0x00000078   Code   RO         8613    i.TIM_OC3_SetConfig  stm32f4xx_hal_tim.o
    0x080096f4   0x080096f4   0x00000054   Code   RO         8614    i.TIM_OC4_SetConfig  stm32f4xx_hal_tim.o
    0x08009748   0x08009748   0x00000026   Code   RO         8616    i.TIM_TI1_ConfigInputStage  stm32f4xx_hal_tim.o
    0x0800976e   0x0800976e   0x00000028   Code   RO         8618    i.TIM_TI2_ConfigInputStage  stm32f4xx_hal_tim.o
    0x08009796   0x08009796   0x00000002   PAD
    0x08009798   0x08009798   0x0000004c   Code   RO          370    i.Ts_Callback01     freertos.o
    0x080097e4   0x080097e4   0x000003e8   Code   RO         9499    i.UART_SetConfig    stm32f4xx_hal_uart.o
    0x08009bcc   0x08009bcc   0x00000140   Code   RO         3163    i.USART3_IRQHandler  remote_control.o
    0x08009d0c   0x08009d0c   0x00000128   Code   RO         3118    i.USART6_IRQHandler  referee_usart_task.o
    0x08009e34   0x08009e34   0x0000008c   Code   RO        11589    i.USBD_CDC_DataIn   usbd_cdc.o
    0x08009ec0   0x08009ec0   0x00000034   Code   RO        11590    i.USBD_CDC_DataOut  usbd_cdc.o
    0x08009ef4   0x08009ef4   0x00000054   Code   RO        11591    i.USBD_CDC_DeInit   usbd_cdc.o
    0x08009f48   0x08009f48   0x00000032   Code   RO        11592    i.USBD_CDC_EP0_RxReady  usbd_cdc.o
    0x08009f7a   0x08009f7a   0x00000002   PAD
    0x08009f7c   0x08009f7c   0x00000010   Code   RO        11593    i.USBD_CDC_GetDeviceQualifierDescriptor  usbd_cdc.o
    0x08009f8c   0x08009f8c   0x00000010   Code   RO        11594    i.USBD_CDC_GetFSCfgDesc  usbd_cdc.o
    0x08009f9c   0x08009f9c   0x00000010   Code   RO        11595    i.USBD_CDC_GetHSCfgDesc  usbd_cdc.o
    0x08009fac   0x08009fac   0x00000010   Code   RO        11596    i.USBD_CDC_GetOtherSpeedCfgDesc  usbd_cdc.o
    0x08009fbc   0x08009fbc   0x000000c0   Code   RO        11597    i.USBD_CDC_Init     usbd_cdc.o
    0x0800a07c   0x0800a07c   0x0000003a   Code   RO        11598    i.USBD_CDC_ReceivePacket  usbd_cdc.o
    0x0800a0b6   0x0800a0b6   0x00000010   Code   RO        11599    i.USBD_CDC_RegisterInterface  usbd_cdc.o
    0x0800a0c6   0x0800a0c6   0x0000000e   Code   RO        11600    i.USBD_CDC_SetRxBuffer  usbd_cdc.o
    0x0800a0d4   0x0800a0d4   0x00000014   Code   RO        11601    i.USBD_CDC_SetTxBuffer  usbd_cdc.o
    0x0800a0e8   0x0800a0e8   0x000000fa   Code   RO        11602    i.USBD_CDC_Setup    usbd_cdc.o
    0x0800a1e2   0x0800a1e2   0x0000003c   Code   RO        11603    i.USBD_CDC_TransmitPacket  usbd_cdc.o
    0x0800a21e   0x0800a21e   0x0000001c   Code   RO        11288    i.USBD_ClrClassConfig  usbd_core.o
    0x0800a23a   0x0800a23a   0x0000003e   Code   RO        11427    i.USBD_ClrFeature   usbd_ctlreq.o
    0x0800a278   0x0800a278   0x00000018   Code   RO        11529    i.USBD_CtlContinueRx  usbd_ioreq.o
    0x0800a290   0x0800a290   0x00000018   Code   RO        11530    i.USBD_CtlContinueSendData  usbd_ioreq.o
    0x0800a2a8   0x0800a2a8   0x00000018   Code   RO        11428    i.USBD_CtlError     usbd_ctlreq.o
    0x0800a2c0   0x0800a2c0   0x00000028   Code   RO        11531    i.USBD_CtlPrepareRx  usbd_ioreq.o
    0x0800a2e8   0x0800a2e8   0x0000001a   Code   RO        11532    i.USBD_CtlReceiveStatus  usbd_ioreq.o
    0x0800a302   0x0800a302   0x00000022   Code   RO        11533    i.USBD_CtlSendData  usbd_ioreq.o
    0x0800a324   0x0800a324   0x0000001a   Code   RO        11534    i.USBD_CtlSendStatus  usbd_ioreq.o
    0x0800a33e   0x0800a33e   0x00000002   PAD
    0x0800a340   0x0800a340   0x00000034   Code   RO         1187    i.USBD_FS_ConfigStrDescriptor  usbd_desc.o
    0x0800a374   0x0800a374   0x00000010   Code   RO         1188    i.USBD_FS_DeviceDescriptor  usbd_desc.o
    0x0800a384   0x0800a384   0x00000038   Code   RO         1189    i.USBD_FS_InterfaceStrDescriptor  usbd_desc.o
    0x0800a3bc   0x0800a3bc   0x00000010   Code   RO         1190    i.USBD_FS_LangIDStrDescriptor  usbd_desc.o
    0x0800a3cc   0x0800a3cc   0x0000002c   Code   RO         1191    i.USBD_FS_ManufacturerStrDescriptor  usbd_desc.o
    0x0800a3f8   0x0800a3f8   0x00000040   Code   RO         1192    i.USBD_FS_ProductStrDescriptor  usbd_desc.o
    0x0800a438   0x0800a438   0x00000018   Code   RO         1193    i.USBD_FS_SerialStrDescriptor  usbd_desc.o
    0x0800a450   0x0800a450   0x00000056   Code   RO        11429    i.USBD_GetConfig    usbd_ctlreq.o
    0x0800a4a6   0x0800a4a6   0x000001fc   Code   RO        11430    i.USBD_GetDescriptor  usbd_ctlreq.o
    0x0800a6a2   0x0800a6a2   0x00000016   Code   RO        11431    i.USBD_GetLen       usbd_ctlreq.o
    0x0800a6b8   0x0800a6b8   0x0000005a   Code   RO        11432    i.USBD_GetStatus    usbd_ctlreq.o
    0x0800a712   0x0800a712   0x00000054   Code   RO        11433    i.USBD_GetString    usbd_ctlreq.o
    0x0800a766   0x0800a766   0x0000002c   Code   RO          991    i.USBD_Get_USB_Status  usbd_conf.o
    0x0800a792   0x0800a792   0x00000044   Code   RO        11290    i.USBD_Init         usbd_core.o
    0x0800a7d6   0x0800a7d6   0x00000026   Code   RO          992    i.USBD_LL_ClearStallEP  usbd_conf.o
    0x0800a7fc   0x0800a7fc   0x00000026   Code   RO          993    i.USBD_LL_CloseEP   usbd_conf.o
    0x0800a822   0x0800a822   0x000000e6   Code   RO        11291    i.USBD_LL_DataInStage  usbd_core.o
    0x0800a908   0x0800a908   0x00000092   Code   RO        11292    i.USBD_LL_DataOutStage  usbd_core.o
    0x0800a99a   0x0800a99a   0x00000006   Code   RO        11293    i.USBD_LL_DevConnected  usbd_core.o
    0x0800a9a0   0x0800a9a0   0x00000020   Code   RO        11294    i.USBD_LL_DevDisconnected  usbd_core.o
    0x0800a9c0   0x0800a9c0   0x00000012   Code   RO          997    i.USBD_LL_GetRxDataSize  usbd_conf.o
    0x0800a9d2   0x0800a9d2   0x00000002   PAD
    0x0800a9d4   0x0800a9d4   0x00000068   Code   RO          998    i.USBD_LL_Init      usbd_conf.o
    0x0800aa3c   0x0800aa3c   0x00000038   Code   RO          999    i.USBD_LL_IsStallEP  usbd_conf.o
    0x0800aa74   0x0800aa74   0x00000006   Code   RO        11295    i.USBD_LL_IsoINIncomplete  usbd_core.o
    0x0800aa7a   0x0800aa7a   0x00000006   Code   RO        11296    i.USBD_LL_IsoOUTIncomplete  usbd_core.o
    0x0800aa80   0x0800aa80   0x00000030   Code   RO         1000    i.USBD_LL_OpenEP    usbd_conf.o
    0x0800aab0   0x0800aab0   0x00000030   Code   RO         1001    i.USBD_LL_PrepareReceive  usbd_conf.o
    0x0800aae0   0x0800aae0   0x0000005a   Code   RO        11297    i.USBD_LL_Reset     usbd_core.o
    0x0800ab3a   0x0800ab3a   0x00000016   Code   RO        11298    i.USBD_LL_Resume    usbd_core.o
    0x0800ab50   0x0800ab50   0x00000022   Code   RO        11299    i.USBD_LL_SOF       usbd_core.o
    0x0800ab72   0x0800ab72   0x00000008   Code   RO        11300    i.USBD_LL_SetSpeed  usbd_core.o
    0x0800ab7a   0x0800ab7a   0x00000026   Code   RO         1002    i.USBD_LL_SetUSBAddress  usbd_conf.o
    0x0800aba0   0x0800aba0   0x00000076   Code   RO        11301    i.USBD_LL_SetupStage  usbd_core.o
    0x0800ac16   0x0800ac16   0x00000026   Code   RO         1003    i.USBD_LL_StallEP   usbd_conf.o
    0x0800ac3c   0x0800ac3c   0x0000001e   Code   RO         1004    i.USBD_LL_Start     usbd_conf.o
    0x0800ac5a   0x0800ac5a   0x00000014   Code   RO        11302    i.USBD_LL_Suspend   usbd_core.o
    0x0800ac6e   0x0800ac6e   0x00000030   Code   RO         1006    i.USBD_LL_Transmit  usbd_conf.o
    0x0800ac9e   0x0800ac9e   0x00000036   Code   RO        11434    i.USBD_ParseSetupRequest  usbd_ctlreq.o
    0x0800acd4   0x0800acd4   0x00000026   Code   RO        11303    i.USBD_RegisterClass  usbd_core.o
    0x0800acfa   0x0800acfa   0x00000006   Code   RO        11304    i.USBD_RunTestMode  usbd_core.o
    0x0800ad00   0x0800ad00   0x0000005a   Code   RO        11435    i.USBD_SetAddress   usbd_ctlreq.o
    0x0800ad5a   0x0800ad5a   0x00000020   Code   RO        11305    i.USBD_SetClassConfig  usbd_core.o
    0x0800ad7a   0x0800ad7a   0x00000002   PAD
    0x0800ad7c   0x0800ad7c   0x000000fc   Code   RO        11436    i.USBD_SetConfig    usbd_ctlreq.o
    0x0800ae78   0x0800ae78   0x00000018   Code   RO        11437    i.USBD_SetFeature   usbd_ctlreq.o
    0x0800ae90   0x0800ae90   0x0000000c   Code   RO        11306    i.USBD_Start        usbd_core.o
    0x0800ae9c   0x0800ae9c   0x000000a6   Code   RO        11438    i.USBD_StdDevReq    usbd_ctlreq.o
    0x0800af42   0x0800af42   0x0000022a   Code   RO        11439    i.USBD_StdEPReq     usbd_ctlreq.o
    0x0800b16c   0x0800b16c   0x0000007e   Code   RO        11440    i.USBD_StdItfReq    usbd_ctlreq.o
    0x0800b1ea   0x0800b1ea   0x00000002   Code   RO         1007    i.USBD_static_free  usbd_conf.o
    0x0800b1ec   0x0800b1ec   0x0000000c   Code   RO         1008    i.USBD_static_malloc  usbd_conf.o
    0x0800b1f8   0x0800b1f8   0x000000d0   Code   RO         5172    i.USB_ActivateEndpoint  stm32f4xx_ll_usb.o
    0x0800b2c8   0x0800b2c8   0x00000028   Code   RO         5174    i.USB_ActivateSetup  stm32f4xx_ll_usb.o
    0x0800b2f0   0x0800b2f0   0x00000084   Code   RO         5176    i.USB_CoreInit      stm32f4xx_ll_usb.o
    0x0800b374   0x0800b374   0x0000004c   Code   RO         5177    i.USB_CoreReset     stm32f4xx_ll_usb.o
    0x0800b3c0   0x0800b3c0   0x0000014c   Code   RO         5180    i.USB_DeactivateEndpoint  stm32f4xx_ll_usb.o
    0x0800b50c   0x0800b50c   0x00000024   Code   RO         5181    i.USB_DevConnect    stm32f4xx_ll_usb.o
    0x0800b530   0x0800b530   0x00000024   Code   RO         5182    i.USB_DevDisconnect  stm32f4xx_ll_usb.o
    0x0800b554   0x0800b554   0x000001e0   Code   RO         5183    i.USB_DevInit       stm32f4xx_ll_usb.o
    0x0800b734   0x0800b734   0x0000000e   Code   RO         5184    i.USB_DisableGlobalInt  stm32f4xx_ll_usb.o
    0x0800b742   0x0800b742   0x00000002   PAD
    0x0800b744   0x0800b744   0x000001d8   Code   RO         5187    i.USB_EP0StartXfer  stm32f4xx_ll_usb.o
    0x0800b91c   0x0800b91c   0x00000070   Code   RO         5188    i.USB_EP0_OutStart  stm32f4xx_ll_usb.o
    0x0800b98c   0x0800b98c   0x0000008e   Code   RO         5189    i.USB_EPClearStall  stm32f4xx_ll_usb.o
    0x0800ba1a   0x0800ba1a   0x0000009a   Code   RO         5190    i.USB_EPSetStall    stm32f4xx_ll_usb.o
    0x0800bab4   0x0800bab4   0x00000344   Code   RO         5191    i.USB_EPStartXfer   stm32f4xx_ll_usb.o
    0x0800bdf8   0x0800bdf8   0x0000000e   Code   RO         5192    i.USB_EnableGlobalInt  stm32f4xx_ll_usb.o
    0x0800be06   0x0800be06   0x00000002   PAD
    0x0800be08   0x0800be08   0x0000002c   Code   RO         5193    i.USB_FlushRxFifo   stm32f4xx_ll_usb.o
    0x0800be34   0x0800be34   0x00000030   Code   RO         5194    i.USB_FlushTxFifo   stm32f4xx_ll_usb.o
    0x0800be64   0x0800be64   0x00000026   Code   RO         5196    i.USB_GetDevSpeed   stm32f4xx_ll_usb.o
    0x0800be8a   0x0800be8a   0x0000000a   Code   RO         5198    i.USB_GetMode       stm32f4xx_ll_usb.o
    0x0800be94   0x0800be94   0x00000014   Code   RO         5205    i.USB_ReadDevAllInEpInterrupt  stm32f4xx_ll_usb.o
    0x0800bea8   0x0800bea8   0x00000014   Code   RO         5206    i.USB_ReadDevAllOutEpInterrupt  stm32f4xx_ll_usb.o
    0x0800bebc   0x0800bebc   0x00000032   Code   RO         5207    i.USB_ReadDevInEPInterrupt  stm32f4xx_ll_usb.o
    0x0800beee   0x0800beee   0x0000001a   Code   RO         5208    i.USB_ReadDevOutEPInterrupt  stm32f4xx_ll_usb.o
    0x0800bf08   0x0800bf08   0x0000000a   Code   RO         5209    i.USB_ReadInterrupts  stm32f4xx_ll_usb.o
    0x0800bf12   0x0800bf12   0x00000022   Code   RO         5210    i.USB_ReadPacket    stm32f4xx_ll_usb.o
    0x0800bf34   0x0800bf34   0x00000036   Code   RO         5212    i.USB_SetCurrentMode  stm32f4xx_ll_usb.o
    0x0800bf6a   0x0800bf6a   0x0000002a   Code   RO         5213    i.USB_SetDevAddress  stm32f4xx_ll_usb.o
    0x0800bf94   0x0800bf94   0x00000012   Code   RO         5214    i.USB_SetDevSpeed   stm32f4xx_ll_usb.o
    0x0800bfa6   0x0800bfa6   0x00000002   PAD
    0x0800bfa8   0x0800bfa8   0x000000e8   Code   RO         5215    i.USB_SetTurnaroundTime  stm32f4xx_ll_usb.o
    0x0800c090   0x0800c090   0x0000003c   Code   RO         5218    i.USB_WritePacket   stm32f4xx_ll_usb.o
    0x0800c0cc   0x0800c0cc   0x00000004   Code   RO         1349    i.UsageFault_Handler  stm32f4xx_it.o
    0x0800c0d0   0x0800c0d0   0x00000010   Code   RO         6279    i.__NVIC_GetPriorityGrouping  stm32f4xx_hal_cortex.o
    0x0800c0e0   0x0800c0e0   0x00000028   Code   RO         6280    i.__NVIC_SetPriority  stm32f4xx_hal_cortex.o
    0x0800c108   0x0800c108   0x00000006   Code   RO         4479    i.__get_PRIMASK     fifo.o
    0x0800c10e   0x0800c10e   0x00000006   Code   RO         4480    i.__set_PRIMASK     fifo.o
    0x0800c114   0x0800c114   0x0000003c   Code   RO         1523    i.adcx_get_chx_value  bsp_adc.o
    0x0800c150   0x0800c150   0x00000030   Code   RO         4418    i.append_CRC16_check_sum  crc8_crc16.o
    0x0800c180   0x0800c180   0x00000024   Code   RO         4419    i.append_CRC8_check_sum  crc8_crc16.o
    0x0800c1a4   0x0800c1a4   0x00000010   Code   RO         1674    i.buzzer_off        bsp_buzzer.o
    0x0800c1b4   0x0800c1b4   0x00000014   Code   RO         1675    i.buzzer_on         bsp_buzzer.o
    0x0800c1c8   0x0800c1c8   0x00000194   Code   RO         2764    i.calc_gimbal_cali  gimbal_task.o
    0x0800c35c   0x0800c35c   0x000000ec   Code   RO         2245    i.cali_data_read    calibrate_task.o
    0x0800c448   0x0800c448   0x0000006c   Code   RO         2247    i.cali_gimbal_hook  calibrate_task.o
    0x0800c4b4   0x0800c4b4   0x00000064   Code   RO         2248    i.cali_gyro_hook    calibrate_task.o
    0x0800c518   0x0800c518   0x00000046   Code   RO         2249    i.cali_head_hook    calibrate_task.o
    0x0800c55e   0x0800c55e   0x00000002   PAD
    0x0800c560   0x0800c560   0x000000b8   Code   RO         2250    i.cali_param_init   calibrate_task.o
    0x0800c618   0x0800c618   0x00000074   Code   RO         1708    i.can_filter_init   bsp_can.o
    0x0800c68c   0x0800c68c   0x00000118   Code   RO         2765    i.cmd_cali_gimbal_hook  gimbal_task.o
    0x0800c7a4   0x0800c7a4   0x000000a4   Code   RO         4845    i.decode_data_solve  decode.o
    0x0800c848   0x0800c848   0x00000012   Code   RO         4846    i.decode_task       decode.o
    0x0800c85a   0x0800c85a   0x00000002   PAD
    0x0800c85c   0x0800c85c   0x0000014c   Code   RO         4847    i.decode_unpack_fifo_data  decode.o
    0x0800c9a8   0x0800c9a8   0x00000030   Code   RO         1774    i.delay_init        bsp_delay.o
    0x0800c9d8   0x0800c9d8   0x00000124   Code   RO         2639    i.detect_hook       detect_task.o
    0x0800cafc   0x0800cafc   0x0000008c   Code   RO         4794    i.encode_send_data  packet.o
    0x0800cb88   0x0800cb88   0x0000003a   Code   RO         4498    i.fifo_s_get        fifo.o
    0x0800cbc2   0x0800cbc2   0x00000016   Code   RO         4501    i.fifo_s_init       fifo.o
    0x0800cbd8   0x0800cbd8   0x000000a0   Code   RO         4507    i.fifo_s_puts       fifo.o
    0x0800cc78   0x0800cc78   0x00000006   Code   RO         4509    i.fifo_s_used       fifo.o
    0x0800cc7e   0x0800cc7e   0x00000014   Code   RO         1813    i.flash_read        bsp_flash.o
    0x0800cc92   0x0800cc92   0x00000002   PAD
    0x0800cc94   0x0800cc94   0x00000034   Code   RO         4420    i.get_CRC16_check_sum  crc8_crc16.o
    0x0800ccc8   0x0800ccc8   0x00000024   Code   RO         4421    i.get_CRC8_check_sum  crc8_crc16.o
    0x0800ccec   0x0800ccec   0x00000018   Code   RO         2365    i.get_chassis_motor_measure_point  can_receive.o
    0x0800cd04   0x0800cd04   0x00000008   Code   RO         2642    i.get_error_list_point  detect_task.o
    0x0800cd0c   0x0800cd0c   0x00000008   Code   RO         2366    i.get_pitch_gimbal_motor_measure_point  can_receive.o
    0x0800cd14   0x0800cd14   0x0000005c   Code   RO         1526    i.get_temprate      bsp_adc.o
    0x0800cd70   0x0800cd70   0x00000008   Code   RO         2367    i.get_trigger_motor_measure_point  can_receive.o
    0x0800cd78   0x0800cd78   0x00000054   Code   RO         2910    i.gyro_offset_calc  ins_task.o
    0x0800cdcc   0x0800cdcc   0x00000168   Code   RO         2912    i.imu_cmd_spi_dma   ins_task.o
    0x0800cf34   0x0800cf34   0x00000010   Code   RO        10778    i.inHandlerMode     cmsis_os.o
    0x0800cf44   0x0800cf44   0x00000034   Code   RO         3425    i.led_RGB_flow_task  led_flow_task.o
    0x0800cf78   0x0800cf78   0x00000090   Code   RO           15    i.main              main.o
    0x0800d008   0x0800d008   0x0000000e   Code   RO        10780    i.makeFreeRtosPriority  cmsis_os.o
    0x0800d016   0x0800d016   0x00000002   PAD
    0x0800d018   0x0800d018   0x0000002c   Code   RO         3577    i.motor_CanOutput_all  6020anglecontrol.o
    0x0800d044   0x0800d044   0x00000034   Code   RO         2783    i.motor_ecd_to_angle_change  gimbal_task.o
    0x0800d078   0x0800d078   0x00000018   Code   RO        10782    i.osDelay           cmsis_os.o
    0x0800d090   0x0800d090   0x0000000a   Code   RO        10785    i.osKernelStart     cmsis_os.o
    0x0800d09a   0x0800d09a   0x0000005e   Code   RO        10819    i.osThreadCreate    cmsis_os.o
    0x0800d0f8   0x0800d0f8   0x0000004c   Code   RO        10832    i.osTimerCreate     cmsis_os.o
    0x0800d144   0x0800d144   0x00000068   Code   RO        10834    i.osTimerStart      cmsis_os.o
    0x0800d1ac   0x0800d1ac   0x0000005c   Code   RO        10835    i.osTimerStop       cmsis_os.o
    0x0800d208   0x0800d208   0x000000a4   Code   RO        10266    i.prvAddCurrentTaskToDelayedList  tasks.o
    0x0800d2ac   0x0800d2ac   0x000000b4   Code   RO        10267    i.prvAddNewTaskToReadyList  tasks.o
    0x0800d360   0x0800d360   0x00000074   Code   RO        10618    i.prvCheckForValidListAndQueue  timers.o
    0x0800d3d4   0x0800d3d4   0x00000048   Code   RO        10268    i.prvCheckTasksWaitingTermination  tasks.o
    0x0800d41c   0x0800d41c   0x0000002a   Code   RO         9919    i.prvCopyDataFromQueue  queue.o
    0x0800d446   0x0800d446   0x0000007e   Code   RO         9920    i.prvCopyDataToQueue  queue.o
    0x0800d4c4   0x0800d4c4   0x00000050   Code   RO        10269    i.prvDeleteTCB      tasks.o
    0x0800d514   0x0800d514   0x00000028   Code   RO        10619    i.prvGetNextExpireTime  timers.o
    0x0800d53c   0x0800d53c   0x0000007c   Code   RO        11159    i.prvHeapInit       heap_4.o
    0x0800d5b8   0x0800d5b8   0x00000028   Code   RO        10270    i.prvIdleTask       tasks.o
    0x0800d5e0   0x0800d5e0   0x00000026   Code   RO         9923    i.prvInitialiseNewQueue  queue.o
    0x0800d606   0x0800d606   0x000000c2   Code   RO        10271    i.prvInitialiseNewTask  tasks.o
    0x0800d6c8   0x0800d6c8   0x0000005a   Code   RO        10620    i.prvInitialiseNewTimer  timers.o
    0x0800d722   0x0800d722   0x00000002   PAD
    0x0800d724   0x0800d724   0x00000068   Code   RO        10272    i.prvInitialiseTaskLists  tasks.o
    0x0800d78c   0x0800d78c   0x00000068   Code   RO        11160    i.prvInsertBlockIntoFreeList  heap_4.o
    0x0800d7f4   0x0800d7f4   0x00000058   Code   RO        10621    i.prvInsertTimerInActiveList  timers.o
    0x0800d84c   0x0800d84c   0x0000001a   Code   RO         9924    i.prvIsQueueEmpty   queue.o
    0x0800d866   0x0800d866   0x0000001e   Code   RO         9925    i.prvIsQueueFull    queue.o
    0x0800d884   0x0800d884   0x00000074   Code   RO        10622    i.prvProcessExpiredTimer  timers.o
    0x0800d8f8   0x0800d8f8   0x00000164   Code   RO        10623    i.prvProcessReceivedCommands  timers.o
    0x0800da5c   0x0800da5c   0x00000074   Code   RO        10624    i.prvProcessTimerOrBlockTask  timers.o
    0x0800dad0   0x0800dad0   0x00000034   Code   RO        10273    i.prvResetNextTaskUnblockTime  tasks.o
    0x0800db04   0x0800db04   0x0000002c   Code   RO        10625    i.prvSampleTimeNow  timers.o
    0x0800db30   0x0800db30   0x000000a4   Code   RO        10626    i.prvSwitchTimerLists  timers.o
    0x0800dbd4   0x0800dbd4   0x00000040   Code   RO        11209    i.prvTaskExitError  port.o
    0x0800dc14   0x0800dc14   0x0000001a   Code   RO        10627    i.prvTimerTask      timers.o
    0x0800dc2e   0x0800dc2e   0x0000007e   Code   RO         9926    i.prvUnlockQueue    queue.o
    0x0800dcac   0x0800dcac   0x0000013c   Code   RO        11161    i.pvPortMalloc      heap_4.o
    0x0800dde8   0x0800dde8   0x00000028   Code   RO         3691    i.pwmR_task         pwmr_task.o
    0x0800de10   0x0800de10   0x0000002c   Code   RO        11210    i.pxPortInitialiseStack  port.o
    0x0800de3c   0x0800de3c   0x00000014   Code   RO         3166    i.remote_control_init  remote_control.o
    0x0800de50   0x0800de50   0x0000004c   Code   RO         4795    i.rm_dequeue_send_data  packet.o
    0x0800de9c   0x0800de9c   0x0000003c   Code   RO         4796    i.rm_queue_data     packet.o
    0x0800ded8   0x0800ded8   0x000000da   Code   RO         3167    i.sbus_to_rc        remote_control.o
    0x0800dfb2   0x0800dfb2   0x00000002   PAD
    0x0800dfb4   0x0800dfb4   0x00000058   Code   RO         3168    i.sbus_to_usart1    remote_control.o
    0x0800e00c   0x0800e00c   0x0000003c   Code   RO         2219    i.servo_pwm_set     bsp_servo_pwm.o
    0x0800e048   0x0800e048   0x0000006c   Code   RO         3453    i.servo_task        servo_task.o
    0x0800e0b4   0x0800e0b4   0x00000020   Code   RO         2784    i.set_cali_gimbal_hook  gimbal_task.o
    0x0800e0d4   0x0800e0d4   0x00000098   Code   RO         3515    i.up3508_pid_task   up_3508pid_task.o
    0x0800e16c   0x0800e16c   0x000000a8   Code   RO         2176    i.usart1_tx_dma_enable  bsp_usart.o
    0x0800e214   0x0800e214   0x00000074   Code   RO         2177    i.usart1_tx_dma_init  bsp_usart.o
    0x0800e288   0x0800e288   0x00000018   Code   RO         4848    i.usb_fifo_init     decode.o
    0x0800e2a0   0x0800e2a0   0x00000018   Code   RO         4849    i.usb_receiver      decode.o
    0x0800e2b8   0x0800e2b8   0x0000003c   Code   RO         3336    i.usb_task          usb_task.o
    0x0800e2f4   0x0800e2f4   0x00000028   Code   RO         9879    i.uxListRemove      list.o
    0x0800e31c   0x0800e31c   0x00000018   Code   RO          372    i.vApplicationGetIdleTaskMemory  freertos.o
    0x0800e334   0x0800e334   0x00000018   Code   RO          373    i.vApplicationGetTimerTaskMemory  freertos.o
    0x0800e34c   0x0800e34c   0x0000001a   Code   RO         9880    i.vListInitialise   list.o
    0x0800e366   0x0800e366   0x00000006   Code   RO         9881    i.vListInitialiseItem  list.o
    0x0800e36c   0x0800e36c   0x00000034   Code   RO         9882    i.vListInsert       list.o
    0x0800e3a0   0x0800e3a0   0x00000018   Code   RO         9883    i.vListInsertEnd    list.o
    0x0800e3b8   0x0800e3b8   0x00000054   Code   RO        11212    i.vPortEnterCritical  port.o
    0x0800e40c   0x0800e40c   0x0000003c   Code   RO        11213    i.vPortExitCritical  port.o
    0x0800e448   0x0800e448   0x00000094   Code   RO        11162    i.vPortFree         heap_4.o
    0x0800e4dc   0x0800e4dc   0x00000028   Code   RO        11214    i.vPortSetupTimerInterrupt  port.o
    0x0800e504   0x0800e504   0x00000078   Code   RO        11215    i.vPortValidateInterruptPriority  port.o
    0x0800e57c   0x0800e57c   0x0000002c   Code   RO         9930    i.vQueueAddToRegistry  queue.o
    0x0800e5a8   0x0800e5a8   0x0000004a   Code   RO         9933    i.vQueueWaitForMessageRestricted  queue.o
    0x0800e5f2   0x0800e5f2   0x00000002   PAD
    0x0800e5f4   0x0800e5f4   0x0000005c   Code   RO        10284    i.vTaskDelay        tasks.o
    0x0800e650   0x0800e650   0x00000018   Code   RO        10288    i.vTaskInternalSetTimeOutState  tasks.o
    0x0800e668   0x0800e668   0x0000000c   Code   RO        10289    i.vTaskMissedYield  tasks.o
    0x0800e674   0x0800e674   0x000000f0   Code   RO        10290    i.vTaskNotifyGiveFromISR  tasks.o
    0x0800e764   0x0800e764   0x00000038   Code   RO        10291    i.vTaskPlaceOnEventList  tasks.o
    0x0800e79c   0x0800e79c   0x00000040   Code   RO        10292    i.vTaskPlaceOnEventListRestricted  tasks.o
    0x0800e7dc   0x0800e7dc   0x000000b8   Code   RO        10299    i.vTaskStartScheduler  tasks.o
    0x0800e894   0x0800e894   0x00000010   Code   RO        10301    i.vTaskSuspendAll   tasks.o
    0x0800e8a4   0x0800e8a4   0x0000008c   Code   RO        10302    i.vTaskSwitchContext  tasks.o
    0x0800e930   0x0800e930   0x00000040   Code   RO         4422    i.verify_CRC16_check_sum  crc8_crc16.o
    0x0800e970   0x0800e970   0x0000002e   Code   RO         4423    i.verify_CRC8_check_sum  crc8_crc16.o
    0x0800e99e   0x0800e99e   0x00000002   PAD
    0x0800e9a0   0x0800e9a0   0x00000168   Code   RO        11216    i.xPortStartScheduler  port.o
    0x0800eb08   0x0800eb08   0x00000034   Code   RO        11217    i.xPortSysTickHandler  port.o
    0x0800eb3c   0x0800eb3c   0x00000060   Code   RO         9936    i.xQueueGenericCreate  queue.o
    0x0800eb9c   0x0800eb9c   0x000000e0   Code   RO         9937    i.xQueueGenericCreateStatic  queue.o
    0x0800ec7c   0x0800ec7c   0x00000098   Code   RO         9938    i.xQueueGenericReset  queue.o
    0x0800ed14   0x0800ed14   0x000001a8   Code   RO         9939    i.xQueueGenericSend  queue.o
    0x0800eebc   0x0800eebc   0x000000f8   Code   RO         9940    i.xQueueGenericSendFromISR  queue.o
    0x0800efb4   0x0800efb4   0x00000168   Code   RO         9948    i.xQueueReceive     queue.o
    0x0800f11c   0x0800f11c   0x000000a8   Code   RO        10304    i.xTaskCheckForTimeOut  tasks.o
    0x0800f1c4   0x0800f1c4   0x00000064   Code   RO        10305    i.xTaskCreate       tasks.o
    0x0800f228   0x0800f228   0x000000ba   Code   RO        10306    i.xTaskCreateStatic  tasks.o
    0x0800f2e2   0x0800f2e2   0x00000002   PAD
    0x0800f2e4   0x0800f2e4   0x00000020   Code   RO        10311    i.xTaskGetSchedulerState  tasks.o
    0x0800f304   0x0800f304   0x0000000c   Code   RO        10312    i.xTaskGetTickCount  tasks.o
    0x0800f310   0x0800f310   0x00000148   Code   RO        10314    i.xTaskIncrementTick  tasks.o
    0x0800f458   0x0800f458   0x000000c8   Code   RO        10317    i.xTaskPriorityDisinherit  tasks.o
    0x0800f520   0x0800f520   0x00000098   Code   RO        10319    i.xTaskRemoveFromEventList  tasks.o
    0x0800f5b8   0x0800f5b8   0x00000104   Code   RO        10320    i.xTaskResumeAll    tasks.o
    0x0800f6bc   0x0800f6bc   0x00000036   Code   RO        10631    i.xTimerCreate      timers.o
    0x0800f6f2   0x0800f6f2   0x00000072   Code   RO        10632    i.xTimerCreateStatic  timers.o
    0x0800f764   0x0800f764   0x00000078   Code   RO        10633    i.xTimerCreateTimerTask  timers.o
    0x0800f7dc   0x0800f7dc   0x00000084   Code   RO        10634    i.xTimerGenericCommand  timers.o
    0x0800f860   0x0800f860   0x0000000a   Code   RO        12393    x$fpl$fpinit        g_wm.l(fpinit.o)
    0x0800f86a   0x0800f86a   0x00000002   PAD
    0x0800f86c   0x0800f86c   0x000000e8   Data   RO          375    .constdata          freertos.o
    0x0800f954   0x0800f954   0x00000018   Data   RO         1488    .constdata          system_stm32f4xx.o
    0x0800f96c   0x0800f96c   0x0000000c   Data   RO         3517    .constdata          up_3508pid_task.o
    0x0800f978   0x0800f978   0x00000030   Data   RO         3579    .constdata          6020anglecontrol.o
    0x0800f9a8   0x0800f9a8   0x00000302   Data   RO         4424    .constdata          crc8_crc16.o
    0x0800fcaa   0x0800fcaa   0x00000008   Data   RO         5996    .constdata          stm32f4xx_hal_dma.o
    0x0800fcb2   0x0800fcb2   0x00000002   PAD
    0x0800fcb4   0x0800fcb4   0x0000004a   Data   RO          376    .conststring        freertos.o
    0x0800fcfe   0x0800fcfe   0x00000002   PAD
    0x0800fd00   0x0800fd00   0x00000020   Data   RO        12532    Region$$Table       anon$$obj.o


    Execution Region RW_IRAM1 (Exec base: 0x20000000, Load base: 0x0800fd20, Size: 0x0000e598, Max: 0x00020000, ABSOLUTE, COMPRESSED[0x00000128])

    Exec Addr    Load Addr    Size         Type   Attr      Idx    E Section Name        Object

    0x20000000   COMPRESSED   0x0000005c   Data   RW          377    .data               freertos.o
    0x2000005c   COMPRESSED   0x00000004   Data   RW          502    .data               can.o
    0x20000060   COMPRESSED   0x00000008   Data   RW          549    .data               crc.o
    0x20000068   COMPRESSED   0x0000004e   Data   RW         1195    .data               usbd_desc.o
    0x200000b6   COMPRESSED   0x00000002   PAD
    0x200000b8   COMPRESSED   0x00000014   Data   RW         1282    .data               usbd_cdc_if.o
    0x200000cc   COMPRESSED   0x00000004   Data   RW         1489    .data               system_stm32f4xx.o
    0x200000d0   COMPRESSED   0x00000004   Data   RW         1529    .data               bsp_adc.o
    0x200000d4   COMPRESSED   0x00000008   Data   RW         1777    .data               bsp_delay.o
    0x200000dc   COMPRESSED   0x00000054   Data   RW         2256    .data               calibrate_task.o
    0x20000130   COMPRESSED   0x00000011   Data   RW         2370    .data               can_receive.o
    0x20000141   COMPRESSED   0x00000003   PAD
    0x20000144   COMPRESSED   0x000000a0   Data   RW         2916    .data               ins_task.o
    0x200001e4   COMPRESSED   0x00000002   Data   RW         3122    .data               referee_usart_task.o
    0x200001e6   COMPRESSED   0x00000003   Data   RW         3172    .data               remote_control.o
    0x200001e9   COMPRESSED   0x00000003   PAD
    0x200001ec   COMPRESSED   0x00000008   Data   RW         3338    .data               usb_task.o
    0x200001f4   COMPRESSED   0x0000000c   Data   RW         3455    .data               servo_task.o
    0x20000200   COMPRESSED   0x0000000a   Data   RW         3518    .data               up_3508pid_task.o
    0x2000020a   COMPRESSED   0x00000002   PAD
    0x2000020c   COMPRESSED   0x00000028   Data   RW         3580    .data               6020anglecontrol.o
    0x20000234   COMPRESSED   0x00000008   Data   RW         3663    .data               relaycontrol_task.o
    0x2000023c   COMPRESSED   0x00000002   Data   RW         4425    .data               crc8_crc16.o
    0x2000023e   COMPRESSED   0x00000002   Data   RW         4798    .data               packet.o
    0x20000240   COMPRESSED   0x00000005   Data   RW         4851    .data               decode.o
    0x20000245   COMPRESSED   0x00000003   PAD
    0x20000248   COMPRESSED   0x00000009   Data   RW         6428    .data               stm32f4xx_hal.o
    0x20000251   COMPRESSED   0x00000003   PAD
    0x20000254   COMPRESSED   0x0000003c   Data   RW        10323    .data               tasks.o
    0x20000290   COMPRESSED   0x00000014   Data   RW        10642    .data               timers.o
    0x200002a4   COMPRESSED   0x00000018   Data   RW        11167    .data               heap_4.o
    0x200002bc   COMPRESSED   0x0000000c   Data   RW        11218    .data               port.o
    0x200002c8   COMPRESSED   0x00000001   Data   RW        11441    .data               usbd_ctlreq.o
    0x200002c9   COMPRESSED   0x00000003   PAD
    0x200002cc   COMPRESSED   0x0000010f   Data   RW        11604    .data               usbd_cdc.o
    0x200003db   COMPRESSED   0x00000001   PAD
    0x200003dc        -       0x000006d0   Zero   RW          374    .bss                freertos.o
    0x20000aac        -       0x00000090   Zero   RW          453    .bss                adc.o
    0x20000b3c        -       0x00000050   Zero   RW          501    .bss                can.o
    0x20000b8c        -       0x0000015c   Zero   RW          617    .bss                i2c.o
    0x20000ce8        -       0x00000010   Zero   RW          669    .bss                rng.o
    0x20000cf8        -       0x00000020   Zero   RW          711    .bss                rtc.o
    0x20000d18        -       0x00000170   Zero   RW          754    .bss                spi.o
    0x20000e88        -       0x00000180   Zero   RW          807    .bss                tim.o
    0x20001008        -       0x00000240   Zero   RW          881    .bss                usart.o
    0x20001248        -       0x000002d0   Zero   RW          931    .bss                usb_device.o
    0x20001518        -       0x00000628   Zero   RW         1009    .bss                usbd_conf.o
    0x20001b40        -       0x00000200   Zero   RW         1194    .bss                usbd_desc.o
    0x20001d40        -       0x00001000   Zero   RW         1281    .bss                usbd_cdc_if.o
    0x20002d40        -       0x00000010   Zero   RW         1528    .bss                bsp_adc.o
    0x20002d50        -       0x00000115   Zero   RW         2254    .bss                calibrate_task.o
    0x20002e65   COMPRESSED   0x00000003   PAD
    0x20002e68        -       0x00000078   Zero   RW         2369    .bss                can_receive.o
    0x20002ee0        -       0x0000021c   Zero   RW         2644    .bss                detect_task.o
    0x200030fc        -       0x000001e8   Zero   RW         2785    .bss                gimbal_task.o
    0x200032e4        -       0x00000134   Zero   RW         2914    .bss                ins_task.o
    0x20003418        -       0x000008a1   Zero   RW         3121    .bss                referee_usart_task.o
    0x20003cb9        -       0x0000007e   Zero   RW         3171    .bss                remote_control.o
    0x20003d37        -       0x00000080   Zero   RW         3337    .bss                usb_task.o
    0x20003db7   COMPRESSED   0x00000001   PAD
    0x20003db8        -       0x00000048   Zero   RW         3516    .bss                up_3508pid_task.o
    0x20003e00        -       0x00000120   Zero   RW         3578    .bss                6020anglecontrol.o
    0x20003f20        -       0x000000ac   Zero   RW         4797    .bss                packet.o
    0x20003fcc        -       0x00000329   Zero   RW         4850    .bss                decode.o
    0x200042f5   COMPRESSED   0x00000003   PAD
    0x200042f8        -       0x00000040   Zero   RW         9951    .bss                queue.o
    0x20004338        -       0x000000f0   Zero   RW        10322    .bss                tasks.o
    0x20004428        -       0x00000110   Zero   RW        10641    .bss                timers.o
    0x20004538        -       0x00006000   Zero   RW        11166    .bss                heap_4.o
    0x2000a538        -       0x00000060   Zero   RW        12330    .bss                c_w.l(libspace.o)
    0x2000a598        -       0x00002000   Zero   RW            2    HEAP                startup_stm32f407xx.o
    0x2000c598        -       0x00002000   Zero   RW            1    STACK               startup_stm32f407xx.o


==============================================================================

Image component sizes


      Code (inc. data)   RO Data    RW Data    ZI Data      Debug   Object Name

       616        136         48         40        288       5816   6020anglecontrol.o
       396         42          0          0        144       2738   adc.o
       152         20          0          4         16     645076   bsp_adc.o
        36         12          0          0          0       1153   bsp_buzzer.o
       116          8          0          0          0        690   bsp_can.o
        48         16          0          8          0        825   bsp_delay.o
        20          0          0          0          0       1145   bsp_flash.o
       124         14          0          0          0        598   bsp_i2c.o
       260         28          0          0          0       2299   bsp_rc.o
        60          8          0          0          0        660   bsp_servo_pwm.o
     10044        146          0          0          0       5014   bsp_spi.o
       284         24          0          0          0       1857   bsp_usart.o
       698         30          0         84        277      17912   calibrate_task.o
       508         44          0          4         80       2822   can.o
       420         54          0         17        120       7616   can_receive.o
         0          0          0          0          0       3828   chassis_behaviour.o
       430         12          0          0          0      31956   cmsis_os.o
        84         18          0          8          0       1795   crc.o
       282         20        770          2          0       5806   crc8_crc16.o
       562         48          0          5        809       4954   decode.o
       300          8          0          0        540       2104   detect_task.o
       184          6          0          0          0        998   dma.o
         0          0          0          0          0      18884   event_groups.o
       258          0          0          0          0       9851   fifo.o
       400         72        306         92       1744       8082   freertos.o
       768         24          0          0        488       5701   gimbal_task.o
       596         30          0          0          0       1475   gpio.o
       692         62          0         24      24576       5275   heap_4.o
       700         80          0          0        348       3560   i2c.o
      3024        164          0        160        308      11481   ins_task.o
        52          8          0          0          0        644   led_flow_task.o
       148          0          0          0          0       4066   list.o
       326         14          0          0          0     787528   main.o
         0          0          0          0          0        744   motor_task.o
       276         16          0          2        172       2857   packet.o
       660         16          0          0          0       2186   pid.o
      1014         92          0         12          0      13037   port.o
        40          0          0          0          0        608   pwmr_task.o
      2010         20          0          0         64      19722   queue.o
         0          0          0          0          0       1648   referee.o
       296         24          0          2       2209       2999   referee_usart_task.o
       164         24          0          8          0       1049   relaycontrol_task.o
       646         40          0          3        126       6414   remote_control.o
        84         18          0          0         16       1795   rng.o
       254         72          0          0          0       1846   roscontrol_task.o
       116         22          0          0         32       1835   rtc.o
       108         10          0         12          0       2023   servo_task.o
       604         54          0          0        368       2972   spi.o
        64         26        392          0      16384        916   startup_stm32f407xx.o
       212         36          0          9          0      10057   stm32f4xx_hal.o
      1370         54          0          0          0       5702   stm32f4xx_hal_adc.o
      2134          6          0          0          0      15979   stm32f4xx_hal_can.o
       304         22          0          0          0      35039   stm32f4xx_hal_cortex.o
        32          0          0          0          0       1203   stm32f4xx_hal_crc.o
      1034         16          8          0          0       4308   stm32f4xx_hal_dma.o
       552         50          0          0          0       3279   stm32f4xx_hal_gpio.o
       464         18          0          0          0       2235   stm32f4xx_hal_i2c.o
        84          6          0          0          0       1002   stm32f4xx_hal_msp.o
      3228         14          0          0          0      14121   stm32f4xx_hal_pcd.o
        90          0          0          0          0       2769   stm32f4xx_hal_pcd_ex.o
      1800         84          0          0          0       6200   stm32f4xx_hal_rcc.o
       416         20          0          0          0       1576   stm32f4xx_hal_rcc_ex.o
        52          0          0          0          0       1235   stm32f4xx_hal_rng.o
       336          4          0          0          0       2948   stm32f4xx_hal_rtc.o
       140          0          0          0          0       1331   stm32f4xx_hal_spi.o
      1572         90          0          0          0      14311   stm32f4xx_hal_tim.o
       296         30          0          0          0       2412   stm32f4xx_hal_tim_ex.o
      1114          8          0          0          0       2152   stm32f4xx_hal_uart.o
       192         42          0          0          0      10120   stm32f4xx_it.o
      3790        102          0          0          0      25174   stm32f4xx_ll_usb.o
       100         18         24          4          0       1407   system_stm32f4xx.o
      3152        380          0         60        240      31135   tasks.o
      2124        162          0          0        384       7611   tim.o
      1576        124          0         20        272      35327   timers.o
       152         34         12         10         72       1844   up_3508pid_task.o
       924         90          0          0        576       3936   usart.o
        76         16          0          0        720       2779   usb_device.o
        60         14          0          8        128       2855   usb_task.o
      1000         24          0        271          0      14997   usbd_cdc.o
       212         22          0         20       4096       4804   usbd_cdc_if.o
      1004         24          0          0       1576      19168   usbd_conf.o
       902          0          0          0          0      14833   usbd_core.o
      2160         28          0          1          0      18296   usbd_ctlreq.o
       386        122          0         78        512       7537   usbd_desc.o
       174          0          0          0          0       5300   usbd_ioreq.o

    ----------------------------------------------------------------------
     62208       3242       1596        988      57692    2001842   Object Totals
         0          0         32          0          0          0   (incl. Generated)
        70          0          4         20          7          0   (incl. Padding)

    ----------------------------------------------------------------------

      Code (inc. data)   RO Data    RW Data    ZI Data      Debug   Library Member Name

        90          0          0          0          0          0   __dczerorl2.o
         8          0          0          0          0         68   __main.o
         0          0          0          0          0          0   __rtentry.o
        12          0          0          0          0          0   __rtentry2.o
         6          0          0          0          0          0   __rtentry4.o
        52          8          0          0          0          0   __scatter.o
        28          0          0          0          0          0   __scatter_zi.o
        16          0          0          0          0         68   aeabi_memset.o
        18          0          0          0          0         80   exit.o
         6          0          0          0          0        152   heapauxi.o
         0          0          0          0          0          0   indicate_semi.o
         2          0          0          0          0          0   libinit.o
         6          0          0          0          0          0   libinit2.o
         2          0          0          0          0          0   libshutdown.o
         2          0          0          0          0          0   libshutdown2.o
         8          4          0          0         96         68   libspace.o
       238          0          0          0          0        100   lludivv7m.o
        68          0          0          0          0         68   rt_memclr.o
        78          0          0          0          0         80   rt_memclr_w.o
       138          0          0          0          0         68   rt_memcpy_v6.o
       100          0          0          0          0         80   rt_memcpy_w.o
         2          0          0          0          0          0   rtexit.o
        10          0          0          0          0          0   rtexit2.o
        12          4          0          0          0         68   sys_exit.o
        74          0          0          0          0         80   sys_stackheap_outer.o
         2          0          0          0          0         68   use_no_semi.o
        10          0          0          0          0        116   fpinit.o

    ----------------------------------------------------------------------
       996         16          0          0         96       1164   Library Totals
         8          0          0          0          0          0   (incl. Padding)

    ----------------------------------------------------------------------

      Code (inc. data)   RO Data    RW Data    ZI Data      Debug   Library Name

       978         16          0          0         96       1048   c_w.l
        10          0          0          0          0        116   g_wm.l

    ----------------------------------------------------------------------
       996         16          0          0         96       1164   Library Totals

    ----------------------------------------------------------------------

==============================================================================


      Code (inc. data)   RO Data    RW Data    ZI Data      Debug   

     63204       3258       1596        988      57788    1959538   Grand Totals
     63204       3258       1596        296      57788    1959538   ELF Image Totals (compressed)
     63204       3258       1596        296          0          0   ROM Totals

==============================================================================

    Total RO  Size (Code + RO Data)                64800 (  63.28kB)
    Total RW  Size (RW Data + ZI Data)             58776 (  57.40kB)
    Total ROM Size (Code + RO Data + RW Data)      65096 (  63.57kB)

==============================================================================

